2025-05-29 07:21:04 - API https://api.tradersfind.com/api/guest/search-sellers-company-name/wefixcar took 0.2187180519104ss
2025-05-29 07:21:04 - API https://api.tradersfind.com/api/guest/products/by-seller/655850f85370fd4cc01dac86?isFeatured=1 took 0.19154095649719ss
2025-05-29 07:21:04 - API https://api.tradersfind.com/api/guest/products-subcategorie/acp-cladding?ref=producthunt%2Fajman%2Fabu-dhabi%2Fsharjah%2Fabu-dhabi%2Fdubai%2Fdubai%2Fsharjah%2Fsharjah%2Fsharjah%2Fsharjah%2Fdubai%2Fras-al-khaimah%2Fsharjah took 0.18102788925171ss
2025-05-29 07:21:05 - API https://api.tradersfind.com/api/new-search-products?page=0&size=10 took 0.75695395469666s. 
2025-05-29 07:21:05 - API https://api.tradersfind.com/api/guest/products-categories-na/6450d35b1381f473d7f9da06 took 0.11773896217346ss
2025-05-29 07:21:05 - API https://api.tradersfind.com/api/industries-na/6450d5651381f473d7f9da65 took 0.12140703201294ss
2025-05-29 07:21:06 - API https://api.tradersfind.com/api/keywords-banner took 0.30500912666321s
2025-05-29 07:21:06 - API https://api.tradersfind.com/api/guest/products/by-seller-related/6506ee362834a14fef3e08a2 took 0.19838714599609ss
2025-05-29 07:21:06 - API https://api.tradersfind.com/api/guest/products/by-seller-related/6506f0ed2834a14fef3e08a7 took 0.19391512870789ss
2025-05-29 07:21:06 - API https://api.tradersfind.com/api/guest/products/by-seller-related/6506f24b2834a14fef3e08b1 took 0.19863700866699ss
2025-05-29 07:21:07 - API https://api.tradersfind.com/api/guest/products/by-seller-related/6506f5782834a14fef3e08b9 took 0.19540095329285ss
2025-05-29 07:21:07 - API https://api.tradersfind.com/api/guest/products/by-seller-related/661d09c33dacf2210343fa8c took 0.21491098403931ss
2025-05-29 07:21:07 - API https://api.tradersfind.com/api/guest/products/by-seller-related/661d0caf3dacf2210343fabb took 0.19857788085938ss
2025-05-29 07:21:07 - API https://api.tradersfind.com/api/guest/products/by-seller-related/664dcaa4a0bcdf22804d8119 took 0.20668792724609ss
2025-05-29 07:21:07 - API https://api.tradersfind.com/api/guest/products/reefer-truck/658a872b5370fd4cc01e442f took 0.12295794487ss
2025-05-29 07:21:07 - API https://api.tradersfind.com/api/guest/products-subcategorie/acp-cladding?ref=producthunt%2Fajman%2Fsharjah%2Fras-al-khaimah%2Fdubai%2Fsharjah%2Fdubai%2Fsharjah%2Fajman%2Fras-al-khaimah%2Fdubai took 0.17533278465271ss
2025-05-29 07:21:07 - API https://api.tradersfind.com/api/guest/products/by-seller-related/664dce05a0bcdf22804d8155 took 0.19686985015869ss
2025-05-29 07:21:08 - API https://api.tradersfind.com/api/keywords-banner took 0.305743932724s
2025-05-29 07:21:08 - API https://api.tradersfind.com/api/guest/products/by-seller-related/664dd0daa0bcdf22804d8193 took 0.20094895362854ss
2025-05-29 07:21:08 - API https://api.tradersfind.com/api/guest/products/by-seller-related/67388353bab0c13b1010ef4a took 0.19777679443359ss
2025-05-29 07:21:08 - API https://api.tradersfind.com/api/guest/products/by-seller-related/658a872b5370fd4cc01e442f took 0.23033785820007ss
2025-05-29 07:21:08 - API https://api.tradersfind.com/api/new-search-products?page=0&size=10 took 0.76023697853088s. 
2025-05-29 07:21:08 - API https://api.tradersfind.com/api/guest/products-categories-na/6450d35b1381f473d7f9da06 took 0.1261579990387ss
2025-05-29 07:21:08 - API https://api.tradersfind.com/api/industries-na/6450d5651381f473d7f9da65 took 0.11796092987061ss
2025-05-29 07:21:09 - API https://api.tradersfind.com/api/keywords-banner took 0.3022289276123s
2025-05-29 07:21:09 - API https://api.tradersfind.com/api/guest/products/by-seller-related/6506ee362834a14fef3e08a2 took 0.19988703727722ss
2025-05-29 07:21:09 - API https://api.tradersfind.com/api/guest/products/by-seller-related/6506f0ed2834a14fef3e08a7 took 0.22320294380188ss
2025-05-29 07:21:09 - API https://api.tradersfind.com/api/guest/products/by-seller-related/6506f24b2834a14fef3e08b1 took 0.20232605934143ss
2025-05-29 07:21:10 - API https://api.tradersfind.com/api/guest/products/by-seller-related/6506f5782834a14fef3e08b9 took 0.19860911369324ss
2025-05-29 07:21:10 - API https://api.tradersfind.com/api/guest/products/by-seller-related/661d09c33dacf2210343fa8c took 0.19986391067505ss
2025-05-29 07:21:10 - API https://api.tradersfind.com/api/guest/products/by-seller-related/661d0caf3dacf2210343fabb took 0.19858407974243ss
2025-05-29 07:21:10 - API https://api.tradersfind.com/api/guest/products/by-seller-related/664dcaa4a0bcdf22804d8119 took 0.19326305389404ss
2025-05-29 07:21:10 - API https://api.tradersfind.com/api/guest/products/by-seller-related/664dce05a0bcdf22804d8155 took 0.21271991729736ss
2025-05-29 07:21:11 - API https://api.tradersfind.com/api/guest/products/by-seller-related/664dd0daa0bcdf22804d8193 took 0.20355987548828ss
2025-05-29 07:21:11 - API https://api.tradersfind.com/api/featured-industry took 0.11805701255798ss
2025-05-29 07:21:11 - API https://api.tradersfind.com/api/guest/banners-by-header took 0.1181321144104ss
2025-05-29 07:21:11 - API https://api.tradersfind.com/api/guest/products/by-seller-related/67388353bab0c13b1010ef4a took 0.19342803955078ss
2025-05-29 07:21:11 - API https://api.tradersfind.com/api/guest/homeblogs?page=0&size=5 took 0.11722302436829ss
2025-05-29 07:21:13 - API https://api.tradersfind.com/api/guest/products/drainage-tank-cleaning-service/6486f8519d126d0588ea8821 took 0.12225604057312ss
2025-05-29 07:21:13 - API https://api.tradersfind.com/api/keywords-banner took 0.30289196968079s
2025-05-29 07:21:13 - API https://api.tradersfind.com/api/guest/search-sellers-company-name/burj-al-madeena-foodstuff-trading-llc took 0.22736096382141ss
2025-05-29 07:21:13 - API https://api.tradersfind.com/api/guest/products/by-seller/67386c95bab0c13b1010edec?isFeatured=1 took 0.17576503753662ss
2025-05-29 07:21:13 - API https://api.tradersfind.com/api/guest/products/by-seller-related/6486f8519d126d0588ea8821 took 0.22187089920044ss
2025-05-29 07:21:15 - API https://api.tradersfind.com/api/guest/products-subcategorie/pumps took 0.13856887817383ss
2025-05-29 07:21:16 - API https://api.tradersfind.com/api/new-search-products?page=0&size=10 took 0.83145213127136s. 
2025-05-29 07:21:16 - API https://api.tradersfind.com/api/guest/products-categories-na/6450d35b1381f473d7f9d94a took 0.11946105957031ss
2025-05-29 07:21:16 - API https://api.tradersfind.com/api/industries-na/6450d5651381f473d7f9da51 took 0.12433385848999ss
2025-05-29 07:21:17 - API https://api.tradersfind.com/api/keywords-banner took 0.30598497390747s
2025-05-29 07:21:17 - API https://api.tradersfind.com/api/guest/products/by-seller-related/65e0296e3b598e4b0b8176c5 took 0.27930808067322ss
2025-05-29 07:21:17 - API https://api.tradersfind.com/api/guest/products/ornamental-gate/649a91039ccade490eb91611 took 0.1286449432373ss
2025-05-29 07:21:17 - API https://api.tradersfind.com/api/images/667a9b83f216863925f04447 took 0.11794304847717ss
2025-05-29 07:21:17 - API https://api.tradersfind.com/api/keywords-banner took 0.30977296829224s
2025-05-29 07:21:17 - API https://api.tradersfind.com/api/guest/products/by-seller-related/65e030fc3b598e4b0b817759 took 0.26802897453308ss
2025-05-29 07:21:17 - API https://api.tradersfind.com/api/guest/products/by-seller-related/649a91039ccade490eb91611 took 0.19793701171875ss
2025-05-29 07:21:17 - API https://api.tradersfind.com/api/guest/products/by-seller-related/650006cbaba0623342e6ca2b took 0.20465302467346ss
2025-05-29 07:21:18 - API https://api.tradersfind.com/api/guest/products/by-seller-related/65e01b253b598e4b0b8175e5 took 0.26532602310181ss
2025-05-29 07:21:18 - API https://api.tradersfind.com/api/guest/products/by-seller-related/65e0296e3b598e4b0b8176c5 took 0.27359104156494ss
2025-05-29 07:21:18 - API https://api.tradersfind.com/api/guest/products/by-seller-related/65e02ec53b598e4b0b817730 took 0.26436901092529ss
2025-05-29 07:21:19 - API https://api.tradersfind.com/api/guest/products/by-seller-related/658fcf2fb18fdb667407c3fe took 0.26883602142334ss
2025-05-29 07:21:19 - API https://api.tradersfind.com/api/guest/products/by-seller-related/66828b57f216863925f09297 took 0.29105186462402ss
2025-05-29 07:21:19 - API https://api.tradersfind.com/api/guest/products/by-seller-related/672dabacbab0c13b100f4b08 took 0.26928114891052ss
2025-05-29 07:21:19 - API https://api.tradersfind.com/api/guest/products/by-seller-related/64feeda9aba0623342e6c483 took 0.20299696922302ss
2025-05-29 07:21:20 - API https://api.tradersfind.com/api/guest/products/by-seller-related/64ff07ceaba0623342e6c780 took 0.19811296463013ss
2025-05-29 07:21:20 - API https://api.tradersfind.com/api/guest/products/by-seller-related/65e0296e3b598e4b0b8176c5 took 0.26873397827148ss
2025-05-29 07:21:21 - API https://api.tradersfind.com/api/guest/search-sellers-company-name/gulf-pipe-industries-llc took 0.22635507583618ss
2025-05-29 07:21:22 - API https://api.tradersfind.com/api/guest/products/by-seller/672c8b1dbab0c13b100f2c7c?isFeatured=1 took 0.22806310653687ss
2025-05-29 07:21:23 - API https://api.tradersfind.com/api/guest/search-sellers-company-name/virtuzone-business-setup-and-company-formation took 0.21136498451233ss
2025-05-29 07:21:24 - API https://api.tradersfind.com/api/guest/products/rebar-spacers/648c1bec9ccade490eb8e86d took 0.1208610534668ss
2025-05-29 07:21:24 - API https://api.tradersfind.com/api/guest/products/by-seller/6459eb857d461c572e3e955a?isFeatured=1 took 0.1949291229248ss
2025-05-29 07:21:24 - API https://api.tradersfind.com/api/featured-industry took 0.12428092956543ss
2025-05-29 07:21:24 - API https://api.tradersfind.com/api/guest/banners-by-header took 0.13142395019531ss
2025-05-29 07:21:24 - API https://api.tradersfind.com/api/guest/homeblogs?page=0&size=5 took 0.12017416954041ss
2025-05-29 07:21:24 - API https://api.tradersfind.com/api/keywords-banner took 0.30723094940186s
2025-05-29 07:21:24 - API https://api.tradersfind.com/api/guest/products/by-seller-related/648c1bec9ccade490eb8e86d took 0.24980497360229ss
2025-05-29 07:21:25 - API https://api.tradersfind.com/api/guest/products-subcategorie/acp-cladding?ref=producthunt%2Fajman%2Fras-al-khaimah%2Fajman%2Fajman%2Fsharjah%2Fajman%2Fdubai%2Fsharjah%2Fajman%2Fsharjah%2Fajman%2Fajman took 0.17794799804688ss
2025-05-29 07:21:26 - API https://api.tradersfind.com/api/new-search-products?page=0&size=10 took 0.75359797477722s. 
2025-05-29 07:21:26 - API https://api.tradersfind.com/api/guest/products-categories-na/6450d35b1381f473d7f9da06 took 0.12136793136597ss
2025-05-29 07:21:26 - API https://api.tradersfind.com/api/industries-na/6450d5651381f473d7f9da65 took 0.13351607322693ss
2025-05-29 07:21:27 - API https://api.tradersfind.com/api/keywords-banner took 0.30355000495911s
2025-05-29 07:21:27 - API https://api.tradersfind.com/api/guest/products/by-seller-related/6506ee362834a14fef3e08a2 took 0.21296405792236ss
2025-05-29 07:21:27 - API https://api.tradersfind.com/api/guest/products/by-seller-related/6506f0ed2834a14fef3e08a7 took 0.19932007789612ss
2025-05-29 07:21:27 - API https://api.tradersfind.com/api/guest/products/by-seller-related/6506f24b2834a14fef3e08b1 took 0.19664788246155ss
2025-05-29 07:21:28 - API https://api.tradersfind.com/api/guest/products/by-seller-related/6506f5782834a14fef3e08b9 took 0.19189596176147ss
2025-05-29 07:21:28 - API https://api.tradersfind.com/api/guest/products/by-seller-related/661d09c33dacf2210343fa8c took 0.19716310501099ss
2025-05-29 07:21:28 - API https://api.tradersfind.com/api/guest/products/by-seller-related/661d0caf3dacf2210343fabb took 0.22157716751099ss
2025-05-29 07:21:28 - API https://api.tradersfind.com/api/guest/products/by-seller-related/664dcaa4a0bcdf22804d8119 took 0.19305300712585ss
2025-05-29 07:21:28 - API https://api.tradersfind.com/api/guest/products/by-seller-related/664dce05a0bcdf22804d8155 took 0.19737410545349ss
2025-05-29 07:21:29 - API https://api.tradersfind.com/api/guest/products/by-seller-related/664dd0daa0bcdf22804d8193 took 0.20799708366394ss
2025-05-29 07:21:29 - API https://api.tradersfind.com/api/guest/products/by-seller-related/67388353bab0c13b1010ef4a took 0.20825004577637ss
2025-05-29 07:21:29 - API https://api.tradersfind.com/api/guest/search-sellers-company-name/alwarda-alsham-waterproofing-and-insulation-llc took 0.22795510292053ss
2025-05-29 07:21:29 - API https://api.tradersfind.com/api/guest/products/by-seller/6454af4a7d461c572e3e1818?isFeatured=1 took 0.21588182449341ss
2025-05-29 07:21:32 - API https://api.tradersfind.com/api/industries?size=6&page=0&sort=industryName,asc took 1.0603251457214ss
2025-05-29 07:21:33 - API https://api.tradersfind.com/api/guest/search-sellers-company-name/foresight-group took 0.21504402160645ss
2025-05-29 07:21:33 - API https://api.tradersfind.com/api/guest/products/by-seller/65969ae7b18fdb667407dc42?isFeatured=1 took 0.15885591506958ss
2025-05-29 07:21:33 - API https://api.tradersfind.com/api/keywords-banner took 0.31285309791565s
2025-05-29 07:21:34 - API https://api.tradersfind.com/api/guest/search-sellers-company-name/credence-and-co took 0.20298504829407ss
2025-05-29 07:21:35 - API https://api.tradersfind.com/api/guest/products/by-seller/6459ebbb7d461c572e3e9678?isFeatured=1 took 0.19443607330322ss
2025-05-29 07:21:41 - API https://api.tradersfind.com/api/guest/products/residential-architecture/6548c9d25370fd4cc01d80f4 took 0.12064099311829ss
2025-05-29 07:21:41 - API https://api.tradersfind.com/api/keywords-banner took 0.3038489818573s
2025-05-29 07:21:41 - API https://api.tradersfind.com/api/guest/products/by-seller-related/6548c9d25370fd4cc01d80f4 took 0.20110106468201ss
2025-05-29 07:21:46 - API https://api.tradersfind.com/api/guest/products/wheel-brush/649fdd899ccade490eb92fa1 took 0.12077593803406ss
2025-05-29 07:21:47 - API https://api.tradersfind.com/api/featured-industry took 0.11754107475281ss
2025-05-29 07:21:47 - API https://api.tradersfind.com/api/guest/products-subcategorie/acp-cladding?ref=producthunt%2Fras-al-khaimah%2Fajman%2Fsharjah%2Fdubai%2Fdubai%2Fsharjah%2Fajman%2Fsharjah%2Fras-al-khaimah took 0.17797803878784ss
2025-05-29 07:21:47 - API https://api.tradersfind.com/api/guest/banners-by-header took 0.11834692955017ss
2025-05-29 07:21:47 - API https://api.tradersfind.com/api/keywords-banner took 0.30011701583862s
2025-05-29 07:21:47 - API https://api.tradersfind.com/api/guest/homeblogs?page=0&size=5 took 0.11655807495117ss
2025-05-29 07:21:47 - API https://api.tradersfind.com/api/guest/products/by-seller-related/649fdd899ccade490eb92fa1 took 0.19825100898743ss
2025-05-29 07:21:47 - API https://api.tradersfind.com/api/new-search-products?page=0&size=10 took 0.76762795448303s. 
2025-05-29 07:21:47 - API https://api.tradersfind.com/api/guest/products-categories-na/6450d35b1381f473d7f9da06 took 0.11569786071777ss
2025-05-29 07:21:48 - API https://api.tradersfind.com/api/industries-na/6450d5651381f473d7f9da65 took 0.11707091331482ss
2025-05-29 07:21:48 - API https://api.tradersfind.com/api/keywords-banner took 0.34937381744385s
2025-05-29 07:21:48 - API https://api.tradersfind.com/api/guest/products/by-seller-related/6506ee362834a14fef3e08a2 took 0.19659304618835ss
2025-05-29 07:21:48 - API https://api.tradersfind.com/api/guest/products/by-seller-related/6506f0ed2834a14fef3e08a7 took 0.20604705810547ss
2025-05-29 07:21:49 - API https://api.tradersfind.com/api/guest/products/by-seller-related/6506f24b2834a14fef3e08b1 took 0.19578099250793ss
2025-05-29 07:21:49 - API https://api.tradersfind.com/api/guest/products-subcategorie/advertising-gift-articles took 0.14169883728027ss
2025-05-29 07:21:49 - API https://api.tradersfind.com/api/guest/products/by-seller-related/6506f5782834a14fef3e08b9 took 0.19780302047729ss
2025-05-29 07:21:49 - API https://api.tradersfind.com/api/guest/products/by-seller-related/661d09c33dacf2210343fa8c took 0.20684885978699ss
2025-05-29 07:21:49 - API https://api.tradersfind.com/api/guest/products/by-seller-related/661d0caf3dacf2210343fabb took 0.20028686523438ss
2025-05-29 07:21:49 - API https://api.tradersfind.com/api/guest/products/by-seller-related/664dcaa4a0bcdf22804d8119 took 0.19496393203735ss
2025-05-29 07:21:49 - API https://api.tradersfind.com/api/new-search-products?page=0&size=10 took 0.6690309047699s. 
2025-05-29 07:21:50 - API https://api.tradersfind.com/api/guest/products-categories-na/6450d35b1381f473d7f9d8bd took 0.11691999435425ss
2025-05-29 07:21:50 - API https://api.tradersfind.com/api/guest/products/by-seller-related/664dce05a0bcdf22804d8155 took 0.20211505889893ss
2025-05-29 07:21:50 - API https://api.tradersfind.com/api/industries-na/6450d5651381f473d7f9da48 took 0.11871099472046ss
2025-05-29 07:21:50 - API https://api.tradersfind.com/api/guest/products/by-seller-related/664dd0daa0bcdf22804d8193 took 0.22380900382996ss
2025-05-29 07:21:50 - API https://api.tradersfind.com/api/keywords-banner took 0.30547904968262s
2025-05-29 07:21:50 - API https://api.tradersfind.com/api/guest/products/by-seller-related/67388353bab0c13b1010ef4a took 0.20359516143799ss
2025-05-29 07:21:50 - API https://api.tradersfind.com/api/guest/products/by-seller-related/64995f5a9ccade490eb91274 took 0.22708606719971ss
2025-05-29 07:21:50 - API https://api.tradersfind.com/api/guest/products/by-seller-related/649965e09ccade490eb912b5 took 0.19057297706604ss
2025-05-29 07:21:51 - API https://api.tradersfind.com/api/guest/products/by-seller-related/649969689ccade490eb912e5 took 0.19373106956482ss
2025-05-29 07:21:52 - API https://api.tradersfind.com/api/industries?size=6&page=0&sort=industryName,asc took 1.0431809425354ss
2025-05-29 07:21:52 - API https://api.tradersfind.com/api/keywords-banner took 0.20447301864624s
2025-05-29 07:21:53 - API https://api.tradersfind.com/api/guest/search-sellers-company-name/itl-tourism-and-travel-llc took 0.23625802993774ss
2025-05-29 07:21:53 - API https://api.tradersfind.com/api/guest/products/by-seller/64589be57d461c572e3e2afa?isFeatured=1 took 0.19837307929993ss
2025-05-29 07:21:53 - API https://api.tradersfind.com/api/guest/products/actuators-valves/64c4bd4eff54cd4f625e4033 took 0.12347006797791ss
2025-05-29 07:21:54 - API https://api.tradersfind.com/api/keywords-banner took 0.21303987503052s
2025-05-29 07:21:54 - API https://api.tradersfind.com/api/guest/products/by-seller-related/64c4bd4eff54cd4f625e4033 took 0.23463797569275ss
2025-05-29 07:21:57 - API https://api.tradersfind.com/api/guest/products/residential-property-management/64b1371d9ccade490eb989de took 0.13535404205322ss
2025-05-29 07:21:58 - API https://api.tradersfind.com/api/keywords-banner took 0.20937204360962s
2025-05-29 07:21:58 - API https://api.tradersfind.com/api/guest/products/by-seller-related/64b1371d9ccade490eb989de took 0.20416498184204ss
2025-05-29 07:21:58 - API https://api.tradersfind.com/api/guest/products-subcategorie/chemicals-and-chemical-products took 0.13484787940979ss
2025-05-29 07:21:59 - API https://api.tradersfind.com/api/new-search-products?page=0&size=10 took 0.64647006988525s. 
2025-05-29 07:21:59 - API https://api.tradersfind.com/api/guest/products-categories-na/6450d35b1381f473d7f9d7e7 took 0.12215709686279ss
2025-05-29 07:21:59 - API https://api.tradersfind.com/api/industries-na/6450d5651381f473d7f9da37 took 0.11737704277039ss
2025-05-29 07:21:59 - API https://api.tradersfind.com/api/keywords-banner took 0.20738387107849s
2025-05-29 07:22:00 - API https://api.tradersfind.com/api/guest/products/by-seller-related/65017a95aba0623342e6d66b took 0.21219110488892ss
2025-05-29 07:22:00 - API https://api.tradersfind.com/api/guest/products/by-seller-related/65019602aba0623342e6d829 took 0.22043514251709ss
2025-05-29 07:22:00 - API https://api.tradersfind.com/api/guest/products/by-seller-related/6507ea442834a14fef3e09ff took 0.1900680065155ss
2025-05-29 07:22:10 - API https://api.tradersfind.com/api/guest/search-sellers-company-name/al-faqeer-tents-and-shades-llc took 0.21270704269409ss
2025-05-29 07:22:10 - API https://api.tradersfind.com/api/guest/products/by-seller/6459e0327d461c572e3e76a2?isFeatured=1 took 0.21233701705933ss
2025-05-29 07:22:13 - API https://api.tradersfind.com/api/guest/products/residential-garage-doors/64d1d4d71d94162158ba3e8e took 0.12181115150452ss
2025-05-29 07:22:14 - API https://api.tradersfind.com/api/keywords-banner took 0.21231889724731s
2025-05-29 07:22:14 - API https://api.tradersfind.com/api/guest/products/by-seller-related/64d1d4d71d94162158ba3e8e took 0.21050786972046ss
2025-05-29 07:22:16 - API https://api.tradersfind.com/api/guest/products/shell-and-tube-heat-exchangers/659e55e29a20ae0f1ec97fd4 took 0.12292695045471ss
2025-05-29 07:22:16 - API https://api.tradersfind.com/api/keywords-banner took 0.20749497413635s
2025-05-29 07:22:16 - API https://api.tradersfind.com/api/guest/products/by-seller-related/659e55e29a20ae0f1ec97fd4 took 0.20090198516846ss
2025-05-29 07:22:19 - API https://api.tradersfind.com/api/guest/search-sellers-company-name/hormann-middle-east-and-africa-fze took 0.2125289440155ss
2025-05-29 07:22:19 - API https://api.tradersfind.com/api/guest/products-subcategorie/food-distributors took 0.15239000320435ss
2025-05-29 07:22:19 - API https://api.tradersfind.com/api/guest/products/by-seller/6458bcaf7d461c572e3e3b77?isFeatured=1 took 0.29396605491638ss
2025-05-29 07:22:20 - API https://api.tradersfind.com/api/new-search-products?page=0&size=10 took 0.6853289604187s. 
2025-05-29 07:22:20 - API https://api.tradersfind.com/api/guest/products-categories-na/6450d35b1381f473d7f9d9f5 took 0.12378692626953ss
2025-05-29 07:22:20 - API https://api.tradersfind.com/api/industries-na/6450d5651381f473d7f9da63 took 0.12344908714294ss
2025-05-29 07:22:20 - API https://api.tradersfind.com/api/guest/products/natural-woods/65015b8faba0623342e6d3dd took 0.12261295318604ss
2025-05-29 07:22:20 - API https://api.tradersfind.com/api/keywords-banner took 0.23054385185242s
2025-05-29 07:22:20 - API https://api.tradersfind.com/api/keywords-banner took 0.23055100440979s
2025-05-29 07:22:20 - API https://api.tradersfind.com/api/guest/products/by-seller-related/671b385bbab0c13b100d4a99 took 0.21305584907532ss
2025-05-29 07:22:20 - API https://api.tradersfind.com/api/guest/products/by-seller-related/65015b8faba0623342e6d3dd took 0.20103597640991ss
2025-05-29 07:22:20 - API https://api.tradersfind.com/api/guest/products/by-seller-related/671b3a73bab0c13b100d4abf took 0.20097994804382ss
2025-05-29 07:22:21 - API https://api.tradersfind.com/api/guest/products/by-seller-related/671b43babab0c13b100d4b5e took 0.19398617744446ss
2025-05-29 07:22:21 - API https://api.tradersfind.com/api/guest/products/by-seller-related/671b4aa1bab0c13b100d4bdf took 0.19146203994751ss
2025-05-29 07:22:21 - API https://api.tradersfind.com/api/guest/products/by-seller-related/671b5192bab0c13b100d4c95 took 0.19562411308289ss
2025-05-29 07:22:21 - API https://api.tradersfind.com/api/guest/products/by-seller-related/671b6047bab0c13b100d4da7 took 0.20176482200623ss
2025-05-29 07:22:22 - API https://api.tradersfind.com/api/guest/products/by-seller-related/671b62a5bab0c13b100d4dd5 took 0.19465708732605ss
2025-05-29 07:22:22 - API https://api.tradersfind.com/api/guest/products/by-seller-related/671b6618bab0c13b100d4e09 took 0.20783090591431ss
2025-05-29 07:22:22 - API https://api.tradersfind.com/api/guest/products/by-seller-related/671b6917bab0c13b100d4e4c took 0.19861197471619ss
2025-05-29 07:22:22 - API https://api.tradersfind.com/api/guest/products/by-seller-related/671b6e3dbab0c13b100d4ec8 took 0.19345998764038ss
2025-05-29 07:22:29 - API https://api.tradersfind.com/api/guest/products-subcategorie/storage-boxes took 0.12835502624512ss
2025-05-29 07:22:29 - API https://api.tradersfind.com/api/new-search-products?page=0&size=10 took 0.66570591926575s. 
2025-05-29 07:22:29 - API https://api.tradersfind.com/api/guest/products-categories-na/6450d35b1381f473d7f9d9b8 took 0.12477493286133ss
2025-05-29 07:22:30 - API https://api.tradersfind.com/api/guest/products/residential-interior-designing/648afc7a1e59a83608307958 took 0.12311816215515ss
2025-05-29 07:22:30 - API https://api.tradersfind.com/api/industries-na/6450d5651381f473d7f9da5b took 0.12874889373779ss
2025-05-29 07:22:30 - API https://api.tradersfind.com/api/keywords-banner took 0.23266005516052s
2025-05-29 07:22:30 - API https://api.tradersfind.com/api/keywords-banner took 0.25623893737793s
2025-05-29 07:22:30 - API https://api.tradersfind.com/api/guest/products/by-seller-related/648afc7a1e59a83608307958 took 0.19156002998352ss
2025-05-29 07:22:30 - API https://api.tradersfind.com/api/guest/products/by-seller-related/65532c4b5370fd4cc01d979d took 0.20110583305359ss
2025-05-29 07:22:30 - API https://api.tradersfind.com/api/guest/products/by-seller-related/6553486d5370fd4cc01d9899 took 0.20331311225891ss
2025-05-29 07:22:31 - API https://api.tradersfind.com/api/guest/products/by-seller-related/655356265370fd4cc01d9948 took 0.19713616371155ss
2025-05-29 07:22:31 - API https://api.tradersfind.com/api/guest/products/by-seller-related/655362bb5370fd4cc01d9a36 took 0.19289517402649ss
2025-05-29 07:22:31 - API https://api.tradersfind.com/api/guest/products/by-seller-related/655366ff5370fd4cc01d9acd took 0.19066786766052ss
2025-05-29 07:22:31 - API https://api.tradersfind.com/api/guest/products/by-seller-related/655367ee5370fd4cc01d9ae9 took 0.18964695930481ss
2025-05-29 07:22:33 - API https://api.tradersfind.com/api/guest/search-sellers-company-name/medical-trade-hub took 0.20780301094055ss
2025-05-29 07:22:33 - API https://api.tradersfind.com/api/guest/products/by-seller/64b639309ccade490eb9a75d?isFeatured=1 took 0.27751898765564ss
2025-05-29 07:22:36 - API https://api.tradersfind.com/api/guest/products-subcategorie/lifeguard-services took 0.16744995117188ss
2025-05-29 07:22:36 - API https://api.tradersfind.com/api/new-search-products?page=0&size=10 took 0.69626593589783s. 
2025-05-29 07:22:37 - API https://api.tradersfind.com/api/guest/products-categories-na/6450d35b1381f473d7f9d9cb took 0.11781287193298ss
2025-05-29 07:22:37 - API https://api.tradersfind.com/api/industries-na/6450d5651381f473d7f9da5f took 0.11807489395142ss
2025-05-29 07:22:37 - API https://api.tradersfind.com/api/keywords-banner took 0.22713708877563s
2025-05-29 07:22:37 - API https://api.tradersfind.com/api/guest/products/by-seller-related/6555ce3e5370fd4cc01da1af took 0.1965320110321ss
2025-05-29 07:22:37 - API https://api.tradersfind.com/api/guest/products/by-seller-related/6554ba3a5370fd4cc01d9e72 took 0.19541215896606ss
2025-05-29 07:22:37 - API https://api.tradersfind.com/api/guest/products/by-seller-related/6555c3775370fd4cc01da180 took 0.19073510169983ss
2025-05-29 07:22:38 - API https://api.tradersfind.com/api/guest/products/by-seller-related/6555e2685370fd4cc01da1f9 took 0.19325017929077ss
2025-05-29 07:22:42 - API https://api.tradersfind.com/api/guest/search-sellers-company-name/al-bayan-technical-equipment-llc took 0.23117303848267ss
2025-05-29 07:22:43 - API https://api.tradersfind.com/api/guest/products/by-seller/6459e5d17d461c572e3e87bd?isFeatured=1 took 0.15790009498596ss
2025-05-29 07:22:43 - API https://api.tradersfind.com/api/guest/search-sellers-company-name/alcan-international-llc took 0.26234412193298ss
2025-05-29 07:22:43 - API https://api.tradersfind.com/api/guest/products/by-seller/652f7510adb96c40987e4e92?isFeatured=1 took 0.40259385108948ss
2025-05-29 07:22:44 - API https://api.tradersfind.com/api/guest/search-sellers-company-name/federal-exchange took 0.21024084091187ss
2025-05-29 07:22:44 - API https://api.tradersfind.com/api/guest/products/by-seller/649575799ccade490eb90dd6?isFeatured=1 took 0.18476510047913ss
2025-05-29 07:22:45 - API https://api.tradersfind.com/api/guest/search-sellers-company-name/federal-exchange took 0.20994591712952ss
2025-05-29 07:22:45 - API https://api.tradersfind.com/api/guest/products/by-seller/649575799ccade490eb90dd6?isFeatured=1 took 0.18637299537659ss
2025-05-29 07:22:46 - API https://api.tradersfind.com/api/guest/products/residential-interior-designer/648af1bb1e59a836083078eb took 0.12285709381104ss
2025-05-29 07:22:46 - API https://api.tradersfind.com/api/keywords-banner took 0.23070001602173s
2025-05-29 07:22:46 - API https://api.tradersfind.com/api/guest/products/by-seller-related/648af1bb1e59a836083078eb took 0.19749903678894ss
2025-05-29 07:22:51 - API https://api.tradersfind.com/api/guest/search-sellers-company-name/alliph-legal-translation-services took 0.21246790885925ss
2025-05-29 07:22:51 - API https://api.tradersfind.com/api/guest/products/by-seller/6459dfe57d461c572e3e7472?isFeatured=1 took 0.19676399230957ss
2025-05-29 07:22:52 - API https://api.tradersfind.com/api/guest/products/epoxy-coated-fly-screen-mesh/66150e53c9495438667d9973 took 0.13556003570557ss
2025-05-29 07:22:52 - API https://api.tradersfind.com/api/featured-industry took 0.12095189094543ss
2025-05-29 07:22:52 - API https://api.tradersfind.com/api/guest/banners-by-header took 0.12068200111389ss
2025-05-29 07:22:52 - API https://api.tradersfind.com/api/keywords-banner took 0.23512196540833s
2025-05-29 07:22:52 - API https://api.tradersfind.com/api/guest/homeblogs?page=0&size=5 took 0.13614821434021ss
2025-05-29 07:22:52 - API https://api.tradersfind.com/api/guest/products/by-seller-related/66150e53c9495438667d9973 took 0.19165396690369ss
2025-05-29 07:22:58 - API https://api.tradersfind.com/api/guest/products/muslims-and-non-muslims-divorce/64dcc1b1d7d75f2c943c65ac took 0.12557911872864ss
2025-05-29 07:22:58 - API https://api.tradersfind.com/api/keywords-banner took 0.2407009601593s
2025-05-29 07:22:59 - API https://api.tradersfind.com/api/guest/products/by-seller-related/64dcc1b1d7d75f2c943c65ac took 0.197016954422ss
2025-05-29 07:23:02 - API https://api.tradersfind.com/api/guest/products/residential-maid-services/64772d609d126d0588ea1da7 took 0.14451313018799ss
2025-05-29 07:23:02 - API https://api.tradersfind.com/api/keywords-banner took 0.24231004714966s
2025-05-29 07:23:02 - API https://api.tradersfind.com/api/guest/products/by-seller-related/64772d609d126d0588ea1da7 took 0.20709300041199ss
2025-05-29 07:23:10 - API https://api.tradersfind.com/api/guest/search-sellers-company-name/bin-asheer-transport-and-general-contracting-est took 0.49233603477478ss
2025-05-29 07:23:10 - API https://api.tradersfind.com/api/guest/products/by-seller/6662bb95a0bcdf22804de80b?isFeatured=1 took 0.17173480987549ss
2025-05-29 07:23:11 - API https://api.tradersfind.com/api/guest/search-sellers-company-name/fujairah-real-estate-agency took 0.23961305618286ss
2025-05-29 07:23:11 - API https://api.tradersfind.com/api/guest/products/by-seller/64afb2039ccade490eb97d82?isFeatured=1 took 0.25355505943298ss
2025-05-29 07:23:18 - API https://api.tradersfind.com/api/guest/products/residential-elevators/658d5243b18fdb667407bac9 took 0.1252589225769ss
2025-05-29 07:23:18 - API https://api.tradersfind.com/api/keywords-banner took 0.23407196998596s
2025-05-29 07:23:18 - API https://api.tradersfind.com/api/guest/products/football-and-basketball-club/671f3a11bab0c13b100db155 took 0.12266111373901ss
2025-05-29 07:23:18 - API https://api.tradersfind.com/api/guest/products/by-seller-related/658d5243b18fdb667407bac9 took 0.20558094978333ss
2025-05-29 07:23:19 - API https://api.tradersfind.com/api/keywords-banner took 0.23793387413025s
2025-05-29 07:23:19 - API https://api.tradersfind.com/api/guest/products/by-seller-related/671f3a11bab0c13b100db155 took 0.18904995918274ss
2025-05-29 07:23:20 - API https://api.tradersfind.com/api/guest/search-sellers-company-name/creative-passengers-transport took 0.21029806137085ss
2025-05-29 07:23:20 - API https://api.tradersfind.com/api/guest/products/by-seller/647afbeb9d126d0588ea5a23?isFeatured=1 took 0.24513816833496ss
2025-05-29 07:23:20 - API https://api.tradersfind.com/api/guest/search-sellers-company-name/elevision took 0.20920705795288ss
2025-05-29 07:23:20 - API https://api.tradersfind.com/api/guest/products/by-seller/64da0666d7d75f2c943c595b?isFeatured=1 took 0.247318983078ss
2025-05-29 07:23:21 - API https://api.tradersfind.com/api/guest/search-sellers-company-name/razi-con-building-and-construction-materials-trading-co-llc took 0.22090101242065ss
2025-05-29 07:23:21 - API https://api.tradersfind.com/api/guest/products/by-seller/658138765370fd4cc01e2a0a?isFeatured=1 took 0.19615888595581ss
2025-05-29 07:23:22 - API https://api.tradersfind.com/api/featured-industry took 0.11897683143616ss
2025-05-29 07:23:22 - API https://api.tradersfind.com/api/guest/banners-by-header took 0.1259458065033ss
2025-05-29 07:23:22 - API https://api.tradersfind.com/api/guest/homeblogs?page=0&size=5 took 0.13418817520142ss
2025-05-29 07:23:29 - API https://api.tradersfind.com/api/guest/search-sellers-company-name/al-jaber-exchange took 0.20993709564209ss
2025-05-29 07:23:29 - API https://api.tradersfind.com/api/guest/products/by-seller/64942abd9ccade490eb90879?isFeatured=1 took 0.19726395606995ss
2025-05-29 07:23:30 - API https://api.tradersfind.com/api/guest/products/feasibility-studies-consultancy/652656816c6e8f7c8fd34893 took 0.13040900230408ss
2025-05-29 07:23:30 - API https://api.tradersfind.com/api/keywords-banner took 0.23431205749512s
2025-05-29 07:23:30 - API https://api.tradersfind.com/api/guest/products/by-seller-related/652656816c6e8f7c8fd34893 took 0.19759488105774ss
2025-05-29 07:23:32 - API https://api.tradersfind.com/api/featured-industry took 0.13265800476074ss
2025-05-29 07:23:32 - API https://api.tradersfind.com/api/guest/banners-by-header took 0.12327003479004ss
2025-05-29 07:23:32 - API https://api.tradersfind.com/api/guest/homeblogs?page=0&size=5 took 0.12067604064941ss
2025-05-29 07:23:35 - API https://api.tradersfind.com/api/guest/products/residential-elevators/658d66f3b18fdb667407bc0c took 0.1716468334198ss
2025-05-29 07:23:35 - API https://api.tradersfind.com/api/keywords-banner took 0.24060416221619s
2025-05-29 07:23:35 - API https://api.tradersfind.com/api/guest/products/by-seller-related/658d66f3b18fdb667407bc0c took 0.19265413284302ss
2025-05-29 07:23:37 - API https://api.tradersfind.com/api/guest/products/tire-inner-tube/6569760b5370fd4cc01de05d took 0.12243413925171ss
2025-05-29 07:23:37 - API https://api.tradersfind.com/api/guest/products/lamborghini-interior-upholstery/654884fe5370fd4cc01d7da2 took 0.121915102005ss
2025-05-29 07:23:37 - API https://api.tradersfind.com/api/keywords-banner took 0.23320603370667s
2025-05-29 07:23:37 - API https://api.tradersfind.com/api/keywords-banner took 0.23238611221313s
2025-05-29 07:23:37 - API https://api.tradersfind.com/api/guest/products/by-seller-related/6569760b5370fd4cc01de05d took 0.19989085197449ss
2025-05-29 07:23:37 - API https://api.tradersfind.com/api/guest/products/by-seller-related/654884fe5370fd4cc01d7da2 took 0.20038509368896ss
2025-05-29 07:23:38 - API https://api.tradersfind.com/api/guest/products/tyre-replacement-service/655853075370fd4cc01daca5 took 0.12447500228882ss
2025-05-29 07:23:38 - API https://api.tradersfind.com/api/keywords-banner took 0.23534512519836s
2025-05-29 07:23:38 - API https://api.tradersfind.com/api/guest/products/by-seller-related/655853075370fd4cc01daca5 took 0.19848489761353ss
2025-05-29 07:23:47 - API https://api.tradersfind.com/api/guest/products/high-rise-building-window-glass-cleaning-services/647f0b6f9d126d0588ea7280 took 0.12281703948975ss
2025-05-29 07:23:47 - API https://api.tradersfind.com/api/keywords-banner took 0.22794103622437s
2025-05-29 07:23:47 - API https://api.tradersfind.com/api/guest/products/by-seller-related/647f0b6f9d126d0588ea7280 took 0.19558787345886ss
2025-05-29 07:23:52 - API https://api.tradersfind.com/api/guest/products/residential-relocation-services/64ed8ff0ffc0dc09cd9e0ffa took 0.12453603744507ss
2025-05-29 07:23:52 - API https://api.tradersfind.com/api/keywords-banner took 0.23144197463989s
2025-05-29 07:23:52 - API https://api.tradersfind.com/api/guest/products/by-seller-related/64ed8ff0ffc0dc09cd9e0ffa took 0.20268297195435ss
2025-05-29 07:23:58 - API https://api.tradersfind.com/api/guest/search-sellers-company-name/al-laaiq-shades-industries-llc took 0.23322200775146ss
2025-05-29 07:23:58 - API https://api.tradersfind.com/api/guest/products/by-seller/64d0c97d54f371457ea5bff9?isFeatured=1 took 0.18365406990051ss
2025-05-29 07:24:01 - API https://api.tradersfind.com/api/guest/products-subcategorie/plastics-raw-materials took 0.12742185592651ss
2025-05-29 07:24:01 - API https://api.tradersfind.com/api/new-search-products?page=0&size=10 took 0.6971709728241s. 
2025-05-29 07:24:02 - API https://api.tradersfind.com/api/guest/products-categories-na/6450d35b1381f473d7f9d7eb took 0.11779594421387ss
2025-05-29 07:24:02 - API https://api.tradersfind.com/api/industries-na/6450d5651381f473d7f9da37 took 0.11768007278442ss
2025-05-29 07:24:02 - API https://api.tradersfind.com/api/guest/products/digital-blood-pressure-machines/64b508029ccade490eb99d6b took 0.12383198738098ss
2025-05-29 07:24:02 - API https://api.tradersfind.com/api/keywords-banner took 0.22965002059937s
2025-05-29 07:24:02 - API https://api.tradersfind.com/api/keywords-banner took 0.23130083084106s
2025-05-29 07:24:02 - API https://api.tradersfind.com/api/guest/products/by-seller-related/6491524b9ccade490eb8f93e took 0.19532203674316ss
2025-05-29 07:24:02 - API https://api.tradersfind.com/api/guest/products/by-seller-related/64b508029ccade490eb99d6b took 0.1933650970459ss
2025-05-29 07:24:02 - API https://api.tradersfind.com/api/guest/products/by-seller-related/648ff0549ccade490eb8efd2 took 0.20827102661133ss
2025-05-29 07:24:03 - API https://api.tradersfind.com/api/guest/products/by-seller-related/648ff3119ccade490eb8efef took 0.22997117042542ss
2025-05-29 07:24:03 - API https://api.tradersfind.com/api/guest/products/by-seller-related/64913bd79ccade490eb8f724 took 0.19556593894958ss
2025-05-29 07:24:03 - API https://api.tradersfind.com/api/guest/products/by-seller-related/649172f79ccade490eb8fb25 took 0.20292901992798ss
2025-05-29 07:24:03 - API https://api.tradersfind.com/api/guest/products/by-seller-related/64b647b79ccade490eb9a950 took 0.1919629573822ss
2025-05-29 07:24:03 - API https://api.tradersfind.com/api/guest/products/by-seller-related/64b64b279ccade490eb9a9c2 took 0.18788003921509ss
2025-05-29 07:24:03 - API https://api.tradersfind.com/api/guest/search-sellers-company-name/seabird-transport took 0.21225190162659ss
2025-05-29 07:24:04 - API https://api.tradersfind.com/api/guest/products/by-seller-related/64b64d7f9ccade490eb9a9f4 took 0.18996286392212ss
2025-05-29 07:24:04 - API https://api.tradersfind.com/api/guest/products/by-seller/648aadca9d126d0588ea9562?isFeatured=1 took 0.2127730846405ss
2025-05-29 07:24:04 - API https://api.tradersfind.com/api/guest/products/by-seller-related/64b66dbd29e332496f85dcc4 took 0.19605708122253ss
2025-05-29 07:24:05 - API https://api.tradersfind.com/api/guest/search-sellers-company-name/the-switch-company-smart-home took 0.22578907012939ss
2025-05-29 07:24:05 - API https://api.tradersfind.com/api/guest/products/by-seller/645b8f477d461c572e3eb1fe?isFeatured=1 took 0.19175219535828ss
2025-05-29 07:24:05 - API https://api.tradersfind.com/api/guest/search-sellers-company-name/camtech-manufacturing-fzco took 0.21107912063599ss
2025-05-29 07:24:05 - API https://api.tradersfind.com/api/guest/products/by-seller/6459eacd7d461c572e3e914a?isFeatured=1 took 0.29577803611755ss
2025-05-29 07:24:06 - API https://api.tradersfind.com/api/guest/search-sellers-company-name/medicina-pharmacy took 0.20777487754822ss
2025-05-29 07:24:06 - API https://api.tradersfind.com/api/guest/products-subcategorie/plastic-polymers took 0.13403010368347ss
2025-05-29 07:24:06 - API https://api.tradersfind.com/api/guest/products/by-seller/6458ef727d461c572e3e535c?isFeatured=1 took 0.18115997314453ss
2025-05-29 07:24:07 - API https://api.tradersfind.com/api/new-search-products?page=0&size=10 took 0.70714497566223s. 
2025-05-29 07:24:07 - API https://api.tradersfind.com/api/guest/products-categories-na/6450d35b1381f473d7f9d7eb took 0.11856508255005ss
2025-05-29 07:24:07 - API https://api.tradersfind.com/api/industries-na/6450d5651381f473d7f9da37 took 0.12124490737915ss
2025-05-29 07:24:07 - API https://api.tradersfind.com/api/keywords-banner took 0.23594403266907s
2025-05-29 07:24:07 - API https://api.tradersfind.com/api/guest/products/by-seller-related/649020f19ccade490eb8f293 took 0.19266796112061ss
2025-05-29 07:24:08 - API https://api.tradersfind.com/api/guest/products/by-seller-related/648da1a29ccade490eb8ed09 took 0.18944096565247ss
2025-05-29 07:24:08 - API https://api.tradersfind.com/api/guest/products/residential-real-estate/64afaa9c9ccade490eb97d29 took 0.12782001495361ss
2025-05-29 07:24:08 - API https://api.tradersfind.com/api/guest/products/by-seller-related/648da7f79ccade490eb8ed35 took 0.19105505943298ss
2025-05-29 07:24:08 - API https://api.tradersfind.com/api/keywords-banner took 0.22803902626038s
2025-05-29 07:24:08 - API https://api.tradersfind.com/api/guest/products/by-seller-related/648da9e09ccade490eb8ed54 took 0.19770884513855ss
2025-05-29 07:24:08 - API https://api.tradersfind.com/api/guest/products/by-seller-related/64afaa9c9ccade490eb97d29 took 0.2006208896637ss
2025-05-29 07:24:08 - API https://api.tradersfind.com/api/guest/products/by-seller-related/64900ef49ccade490eb8f175 took 0.21209406852722ss
2025-05-29 07:24:08 - API https://api.tradersfind.com/api/guest/products/by-seller-related/64901b159ccade490eb8f20e took 0.19634580612183ss
2025-05-29 07:24:09 - API https://api.tradersfind.com/api/guest/products/by-seller-related/64901ff89ccade490eb8f27e took 0.19044613838196ss
2025-05-29 07:24:09 - API https://api.tradersfind.com/api/guest/products/by-seller-related/649026a79ccade490eb8f2fc took 0.19589018821716ss
2025-05-29 07:24:09 - API https://api.tradersfind.com/api/guest/products/by-seller-related/6490289f9ccade490eb8f31a took 0.19040417671204ss
2025-05-29 07:24:09 - API https://api.tradersfind.com/api/guest/products/by-seller-related/649041779ccade490eb8f541 took 0.20211601257324ss
2025-05-29 07:24:10 - API https://api.tradersfind.com/api/guest/products/came-gate-barrier-repair/6618c99ac9495438667dc070 took 0.12146902084351ss
2025-05-29 07:24:10 - API https://api.tradersfind.com/api/keywords-banner took 0.23068404197693s
2025-05-29 07:24:10 - API https://api.tradersfind.com/api/guest/products/by-seller-related/6618c99ac9495438667dc070 took 0.20938801765442ss
2025-05-29 07:24:11 - API https://api.tradersfind.com/api/guest/search-sellers-company-name/carbokene-fze took 0.23260188102722ss
2025-05-29 07:24:11 - API https://api.tradersfind.com/api/guest/products/by-seller/645b900b7d461c572e3eb71c?isFeatured=1 took 0.18779015541077ss
2025-05-29 07:24:11 - API https://api.tradersfind.com/api/guest/products/forklift-rental/655b4ac45370fd4cc01db685 took 0.12238192558289ss
2025-05-29 07:24:11 - API https://api.tradersfind.com/api/keywords-banner took 0.23989796638489s
2025-05-29 07:24:12 - API https://api.tradersfind.com/api/guest/products/by-seller-related/655b4ac45370fd4cc01db685 took 0.18916296958923ss
2025-05-29 07:24:16 - API https://api.tradersfind.com/api/guest/search-sellers-company-name/rakha-al-khaleej-international took 0.23479580879211ss
2025-05-29 07:24:16 - API https://api.tradersfind.com/api/guest/products/by-seller/645b90177d461c572e3eb76a?isFeatured=1 took 0.18763303756714ss
2025-05-29 07:24:17 - API https://api.tradersfind.com/api/guest/products/rope-course-adventures/65abb33fef2a9f03aa3faf2f took 0.12827587127686ss
2025-05-29 07:24:17 - API https://api.tradersfind.com/api/keywords-banner took 0.23577785491943s
2025-05-29 07:24:17 - API https://api.tradersfind.com/api/guest/products/by-seller-related/65abb33fef2a9f03aa3faf2f took 0.19085478782654ss
2025-05-29 07:24:19 - API https://api.tradersfind.com/api/guest/blogs-by-title?blogTitle=choosing+the+right+waterproofing+solution+for+your+project+in+the+uae took 0.1299729347229ss
2025-05-29 07:24:19 - API https://api.tradersfind.com/api/guest/search-sellers-company-name/glokal-fze took 0.20962500572205ss
2025-05-29 07:24:20 - API https://api.tradersfind.com/api/guest/products/by-seller/645b90147d461c572e3eb756?isFeatured=1 took 0.18454003334045ss
2025-05-29 07:24:20 - API https://api.tradersfind.com/api/guest/products/hand-operated-butterfly-valve/64c4b012ff54cd4f625e3f48 took 0.126060962677ss
2025-05-29 07:24:20 - API https://api.tradersfind.com/api/keywords-banner took 0.23720693588257s
2025-05-29 07:24:21 - API https://api.tradersfind.com/api/guest/products/by-seller-related/64c4b012ff54cd4f625e3f48 took 0.22859191894531ss
2025-05-29 07:24:23 - API https://api.tradersfind.com/api/guest/search-sellers-company-name/vertical-plastic-industry-llc took 0.2078800201416ss
2025-05-29 07:24:23 - API https://api.tradersfind.com/api/guest/products/by-seller/645b86f17d461c572e3eae23?isFeatured=1 took 0.24419498443604ss
2025-05-29 07:24:24 - API https://api.tradersfind.com/api/guest/products/wedding-light-decoration/65b0b76def2a9f03aa3fc17f took 0.12132096290588ss
2025-05-29 07:24:24 - API https://api.tradersfind.com/api/keywords-banner took 0.23318099975586s
2025-05-29 07:24:24 - API https://api.tradersfind.com/api/guest/products/by-seller-related/65b0b76def2a9f03aa3fc17f took 0.19746804237366ss
2025-05-29 07:24:26 - API https://api.tradersfind.com/api/guest/search-sellers-company-name/spt-middle-east-llc took 0.2252779006958ss
2025-05-29 07:24:26 - API https://api.tradersfind.com/api/guest/products/by-seller/649170aa9ccade490eb8fb06?isFeatured=1 took 0.182461977005ss
2025-05-29 07:24:29 - API https://api.tradersfind.com/api/guest/products/metal-frame-cubicles/64ae5f1d9ccade490eb97596 took 0.12196207046509ss
2025-05-29 07:24:29 - API https://api.tradersfind.com/api/keywords-banner took 0.23672699928284s
2025-05-29 07:24:29 - API https://api.tradersfind.com/api/guest/products/by-seller-related/64ae5f1d9ccade490eb97596 took 0.19521284103394ss
2025-05-29 07:24:29 - API https://api.tradersfind.com/api/guest/products/polydist/64b64d7f9ccade490eb9a9f4 took 0.1517550945282ss
2025-05-29 07:24:29 - API https://api.tradersfind.com/api/keywords-banner took 0.22950482368469s
2025-05-29 07:24:30 - API https://api.tradersfind.com/api/guest/products/by-seller-related/64b64d7f9ccade490eb9a9f4 took 0.20261788368225ss
2025-05-29 07:24:32 - API https://api.tradersfind.com/api/guest/products/polymers-plastic-granules/64901b159ccade490eb8f20e took 0.12349200248718ss
2025-05-29 07:24:32 - API https://api.tradersfind.com/api/keywords-banner took 0.23421812057495s
2025-05-29 07:24:32 - API https://api.tradersfind.com/api/guest/products/by-seller-related/64901b159ccade490eb8f20e took 0.19788908958435ss
2025-05-29 07:24:33 - API https://api.tradersfind.com/api/guest/products/stainless-steel-kitchen-sinks/65356dd85370fd4cc01d4c69 took 0.12872004508972ss
2025-05-29 07:24:33 - API https://api.tradersfind.com/api/keywords-banner took 0.23088693618774s
2025-05-29 07:24:33 - API https://api.tradersfind.com/api/guest/products/by-seller-related/65356dd85370fd4cc01d4c69 took 0.26591014862061ss
2025-05-29 07:24:34 - API https://api.tradersfind.com/api/guest/search-sellers-company-name/al-saif-plastic-industry-factory-llc took 0.23516798019409ss
2025-05-29 07:24:34 - API https://api.tradersfind.com/api/guest/products/by-seller/64903f639ccade490eb8f509?isFeatured=1 took 0.19379997253418ss
2025-05-29 07:24:36 - API https://api.tradersfind.com/api/guest/products/colored-plastic-polymers/6490289f9ccade490eb8f31a took 0.12169003486633ss
2025-05-29 07:24:36 - API https://api.tradersfind.com/api/keywords-banner took 0.23843097686768s
2025-05-29 07:24:36 - API https://api.tradersfind.com/api/guest/products/by-seller-related/6490289f9ccade490eb8f31a took 0.19495892524719ss
2025-05-29 07:24:38 - API https://api.tradersfind.com/api/guest/products/solid-plastic-polymers/648da9e09ccade490eb8ed54 took 0.12835907936096ss
2025-05-29 07:24:38 - API https://api.tradersfind.com/api/keywords-banner took 0.23634791374207s
2025-05-29 07:24:38 - API https://api.tradersfind.com/api/guest/products/by-seller-related/648da9e09ccade490eb8ed54 took 0.19551992416382ss
2025-05-29 07:24:39 - API https://api.tradersfind.com/api/guest/search-sellers-company-name/spectrum-hydraulics-trading-fzc took 0.22702383995056ss
2025-05-29 07:24:39 - API https://api.tradersfind.com/api/guest/products/by-seller/65a0dc459a20ae0f1ec98c6e?isFeatured=1 took 0.1838641166687ss
2025-05-29 07:24:39 - API https://api.tradersfind.com/api/guest/products-subcategorie/bollards took 0.13305592536926ss
2025-05-29 07:24:40 - API https://api.tradersfind.com/api/guest/products/regrind-plastic-polymers/648da7f79ccade490eb8ed35 took 0.13361811637878ss
2025-05-29 07:24:40 - API https://api.tradersfind.com/api/new-search-products?page=0&size=10 took 0.6523609161377s. 
2025-05-29 07:24:40 - API https://api.tradersfind.com/api/keywords-banner took 0.2403998374939s
2025-05-29 07:24:40 - API https://api.tradersfind.com/api/guest/products/wedding-chauffeur-service/6481bc619d126d0588ea7da4 took 0.12174916267395ss
2025-05-29 07:24:40 - API https://api.tradersfind.com/api/guest/products-categories-na/6450d35b1381f473d7f9d9cc took 0.12182188034058ss
2025-05-29 07:24:40 - API https://api.tradersfind.com/api/industries-na/6450d5651381f473d7f9da5f took 0.1171600818634ss
2025-05-29 07:24:40 - API https://api.tradersfind.com/api/guest/products/by-seller-related/648da7f79ccade490eb8ed35 took 0.2177209854126ss
2025-05-29 07:24:40 - API https://api.tradersfind.com/api/keywords-banner took 0.24247097969055s
2025-05-29 07:24:40 - API https://api.tradersfind.com/api/keywords-banner took 0.23474621772766s
2025-05-29 07:24:40 - API https://api.tradersfind.com/api/guest/products/by-seller-related/6481bc619d126d0588ea7da4 took 0.19464802742004ss
2025-05-29 07:24:41 - API https://api.tradersfind.com/api/guest/products/by-seller-related/653260aaadb96c40987e5b97 took 0.30687499046326ss
2025-05-29 07:24:41 - API https://api.tradersfind.com/api/guest/products/by-seller-related/653a42a65370fd4cc01d58fc took 0.19864106178284ss
2025-05-29 07:24:41 - API https://api.tradersfind.com/api/guest/products/by-seller-related/653a03d75370fd4cc01d561b took 0.19670701026917ss
2025-05-29 07:24:41 - API https://api.tradersfind.com/api/guest/products/pvc-polymers/649026a79ccade490eb8f2fc took 0.12574601173401ss
2025-05-29 07:24:41 - API https://api.tradersfind.com/api/keywords-banner took 0.22846102714539s
2025-05-29 07:24:42 - API https://api.tradersfind.com/api/guest/products/by-seller-related/649026a79ccade490eb8f2fc took 0.18981909751892ss
2025-05-29 07:24:42 - API https://api.tradersfind.com/api/guest/products-subcategorie/dumbwaiter-lifts took 0.13067603111267ss
2025-05-29 07:24:43 - API https://api.tradersfind.com/api/guest/search-sellers-company-name/adeka-al-otaiba-middle-east-llc took 0.21692705154419ss
2025-05-29 07:24:43 - API https://api.tradersfind.com/api/guest/products/by-seller/648ff9bc9ccade490eb8f034?isFeatured=1 took 0.18867492675781ss
2025-05-29 07:24:43 - API https://api.tradersfind.com/api/new-search-products?page=0&size=10 took 0.73563694953918s. 
2025-05-29 07:24:43 - API https://api.tradersfind.com/api/guest/products-categories-na/6450d35b1381f473d7f9da0f took 0.11894106864929ss
2025-05-29 07:24:43 - API https://api.tradersfind.com/api/guest/products-subcategorie/cable-sleeve took 0.17717599868774ss
2025-05-29 07:24:43 - API https://api.tradersfind.com/api/industries-na/6450d5651381f473d7f9da65 took 0.11732816696167ss
2025-05-29 07:24:43 - API https://api.tradersfind.com/api/keywords-banner took 0.23159718513489s
2025-05-29 07:24:44 - API https://api.tradersfind.com/api/guest/products/by-seller-related/65a63f0d9a20ae0f1ec99f88 took 0.2045578956604ss
2025-05-29 07:24:44 - API https://api.tradersfind.com/api/guest/products/white-pvc-chemicals-additives/649041779ccade490eb8f541 took 0.12374401092529ss
2025-05-29 07:24:44 - API https://api.tradersfind.com/api/new-search-products?page=0&size=10 took 0.62604904174805s. 
2025-05-29 07:24:44 - API https://api.tradersfind.com/api/guest/products/by-seller-related/65a64bd49a20ae0f1ec9a051 took 0.19885492324829ss
2025-05-29 07:24:44 - API https://api.tradersfind.com/api/guest/products-categories-na/6450d35b1381f473d7f9d945 took 0.11707592010498ss
2025-05-29 07:24:44 - API https://api.tradersfind.com/api/keywords-banner took 0.22775912284851s
2025-05-29 07:24:44 - API https://api.tradersfind.com/api/industries-na/6450d5651381f473d7f9da51 took 0.11725902557373ss
2025-05-29 07:24:44 - API https://api.tradersfind.com/api/guest/products/by-seller-related/65a64cfd9a20ae0f1ec9a06f took 0.20662903785706ss
2025-05-29 07:24:44 - API https://api.tradersfind.com/api/guest/products/by-seller-related/649041779ccade490eb8f541 took 0.19592595100403ss
2025-05-29 07:24:44 - API https://api.tradersfind.com/api/keywords-banner took 0.24783992767334s
2025-05-29 07:24:44 - API https://api.tradersfind.com/api/guest/products/by-seller-related/65a6449f9a20ae0f1ec99fca took 0.19926381111145ss
2025-05-29 07:24:45 - API https://api.tradersfind.com/api/guest/products/by-seller-related/6554ba525370fd4cc01d9e73 took 0.19382119178772ss
2025-05-29 07:24:45 - API https://api.tradersfind.com/api/guest/products/by-seller-related/65a657669a20ae0f1ec9a0ea took 0.1929190158844ss
2025-05-29 07:24:45 - API https://api.tradersfind.com/api/guest/products/by-seller-related/65a65b299a20ae0f1ec9a12c took 0.19523501396179ss
2025-05-29 07:24:45 - API https://api.tradersfind.com/api/guest/products/industrial-polymers/649020f19ccade490eb8f293 took 0.14105105400085ss
2025-05-29 07:24:45 - API https://api.tradersfind.com/api/guest/products/by-seller-related/65a65c0a9a20ae0f1ec9a139 took 0.20077896118164ss
2025-05-29 07:24:45 - API https://api.tradersfind.com/api/keywords-banner took 0.23071789741516s
2025-05-29 07:24:45 - API https://api.tradersfind.com/api/guest/products/by-seller-related/65a65f689a20ae0f1ec9a19e took 0.19088983535767ss
2025-05-29 07:24:45 - API https://api.tradersfind.com/api/guest/products/by-seller-related/649020f19ccade490eb8f293 took 0.19303107261658ss
2025-05-29 07:24:45 - API https://api.tradersfind.com/api/guest/products/by-seller-related/65a660229a20ae0f1ec9a1aa took 0.19112706184387ss
2025-05-29 07:24:46 - API https://api.tradersfind.com/api/guest/products/by-seller-related/65a661a39a20ae0f1ec9a1d6 took 0.19376111030579ss
2025-05-29 07:24:46 - API https://api.tradersfind.com/api/guest/products/polypropylene-polymers/64901ff89ccade490eb8f27e took 0.12477493286133ss
2025-05-29 07:24:46 - API https://api.tradersfind.com/api/keywords-banner took 0.24699997901917s
2025-05-29 07:24:47 - API https://api.tradersfind.com/api/guest/products/by-seller-related/64901ff89ccade490eb8f27e took 0.20109701156616ss
2025-05-29 07:24:47 - API https://api.tradersfind.com/api/guest/search-sellers-company-name/hmd-polymers-trading-llc took 0.24659514427185ss
2025-05-29 07:24:48 - API https://api.tradersfind.com/api/guest/products/by-seller/649024f59ccade490eb8f2e4?isFeatured=1 took 0.18114995956421ss
2025-05-29 07:24:48 - API https://api.tradersfind.com/api/guest/products/high-density-polyethylene/649011f29ccade490eb8f1b3 took 0.12678408622742ss
2025-05-29 07:24:49 - API https://api.tradersfind.com/api/guest/search-sellers-company-name/michi-sports-hall took 0.21268701553345ss
2025-05-29 07:24:49 - API https://api.tradersfind.com/api/keywords-banner took 0.23892903327942s
2025-05-29 07:24:49 - API https://api.tradersfind.com/api/guest/products/by-seller/671b89ffbab0c13b100d517d?isFeatured=1 took 0.20001482963562ss
2025-05-29 07:24:49 - API https://api.tradersfind.com/api/guest/products/by-seller-related/649011f29ccade490eb8f1b3 took 0.19473695755005ss
2025-05-29 07:24:50 - API https://api.tradersfind.com/api/guest/search-sellers-company-name/allamaan-global-trading-ltd took 0.24881482124329ss
2025-05-29 07:24:50 - API https://api.tradersfind.com/api/guest/products/by-seller/647b2b319d126d0588ea62bb?isFeatured=1 took 0.18793320655823ss
2025-05-29 07:24:51 - API https://api.tradersfind.com/api/guest/products/mat-polystyrene-sheet/649009f59ccade490eb8f106 took 0.12711191177368ss
2025-05-29 07:24:51 - API https://api.tradersfind.com/api/keywords-banner took 0.23638010025024s
2025-05-29 07:24:51 - API https://api.tradersfind.com/api/guest/products/by-seller-related/649009f59ccade490eb8f106 took 0.1934220790863ss
2025-05-29 07:24:51 - API https://api.tradersfind.com/api/guest/products/local-courier-services/64ae97439ccade490eb9797c took 0.12795209884644ss
2025-05-29 07:24:52 - API https://api.tradersfind.com/api/keywords-banner took 0.23635983467102s
2025-05-29 07:24:52 - API https://api.tradersfind.com/api/guest/products/by-seller-related/64ae97439ccade490eb9797c took 0.20383214950562ss
2025-05-29 07:24:52 - API https://api.tradersfind.com/api/guest/search-sellers-company-name/noor-plast-trading-fze took 0.23913383483887ss
2025-05-29 07:24:52 - API https://api.tradersfind.com/api/guest/products/by-seller/648da9249ccade490eb8ed41?isFeatured=1 took 0.18073010444641ss
2025-05-29 07:24:53 - API https://api.tradersfind.com/api/guest/products/recycled-plastic/648feef19ccade490eb8efcc took 0.12154388427734ss
2025-05-29 07:24:53 - API https://api.tradersfind.com/api/keywords-banner took 0.23989319801331s
2025-05-29 07:24:54 - API https://api.tradersfind.com/api/guest/products/by-seller-related/648feef19ccade490eb8efcc took 0.19408702850342ss
2025-05-29 07:24:54 - API https://api.tradersfind.com/api/guest/search-sellers-company-name/asia-petrochemicals-llc took 0.23804306983948ss
2025-05-29 07:24:55 - API https://api.tradersfind.com/api/guest/products/by-seller/6458bc0a7d461c572e3e35f3?isFeatured=1 took 0.19146609306335ss
2025-05-29 07:24:56 - API https://api.tradersfind.com/api/guest/search-sellers-company-name/multi-trade-group took 0.23561215400696ss
2025-05-29 07:24:56 - API https://api.tradersfind.com/api/guest/products/by-seller/645b900e7d461c572e3eb72e?isFeatured=1 took 0.18437600135803ss
2025-05-29 07:24:56 - API https://api.tradersfind.com/api/guest/products/wedding-reception-services/656db20e5370fd4cc01dec0f took 0.15895080566406ss
2025-05-29 07:24:56 - API https://api.tradersfind.com/api/keywords-banner took 0.23370385169983s
2025-05-29 07:24:57 - API https://api.tradersfind.com/api/guest/products/by-seller-related/656db20e5370fd4cc01dec0f took 0.19259309768677ss
2025-05-29 07:24:57 - API https://api.tradersfind.com/api/guest/search-sellers-company-name/veechem-global took 0.20782089233398ss
2025-05-29 07:24:57 - API https://api.tradersfind.com/api/guest/products/by-seller/6458f1917d461c572e3e60b8?isFeatured=1 took 0.21633911132812ss
2025-05-29 07:24:58 - API https://api.tradersfind.com/api/guest/products/medium-density-polyethylene/648d98b19ccade490eb8ecb7 took 0.12459897994995ss
2025-05-29 07:24:58 - API https://api.tradersfind.com/api/keywords-banner took 0.23910188674927s
2025-05-29 07:24:58 - API https://api.tradersfind.com/api/guest/products/by-seller-related/648d98b19ccade490eb8ecb7 took 0.19788503646851ss
2025-05-29 07:24:58 - API https://api.tradersfind.com/api/featured-industry took 0.11816310882568ss
2025-05-29 07:24:59 - API https://api.tradersfind.com/api/guest/banners-by-header took 0.12888789176941ss
2025-05-29 07:24:59 - API https://api.tradersfind.com/api/guest/homeblogs?page=0&size=5 took 0.12347507476807ss
2025-05-29 07:24:59 - API https://api.tradersfind.com/api/guest/products/high-impact-polystyrene-sheet/648ff60c9ccade490eb8f010 took 0.12395596504211ss
2025-05-29 07:24:59 - API https://api.tradersfind.com/api/keywords-banner took 0.23953104019165s
2025-05-29 07:24:59 - API https://api.tradersfind.com/api/guest/products/by-seller-related/648ff60c9ccade490eb8f010 took 0.19627714157104ss
2025-05-29 07:25:00 - API https://api.tradersfind.com/api/guest/search-sellers-company-name/crystal-polymers took 0.23358297348022ss
2025-05-29 07:25:00 - API https://api.tradersfind.com/api/guest/products/by-seller/648da6c39ccade490eb8ed2c?isFeatured=1 took 0.18621611595154ss
2025-05-29 07:25:01 - API https://api.tradersfind.com/api/guest/products/polypropylene-polymers/term-and-conditions took 0.12708210945129ss
2025-05-29 07:25:02 - API https://api.tradersfind.com/api/guest/search-sellers-company-name/everstyle-trading-llc took 0.24744486808777ss
2025-05-29 07:25:03 - API https://api.tradersfind.com/api/guest/products/by-seller/6458f17a7d461c572e3e5ffa?isFeatured=1 took 0.19016098976135ss
2025-05-29 07:25:03 - API https://api.tradersfind.com/api/guest/products/mat-polystyrene-sheet/term-and-conditions took 0.12349581718445ss
2025-05-29 07:25:04 - API https://api.tradersfind.com/api/guest/products/white-pvc-chemicals-additives/term-and-conditions took 0.12739205360413ss
2025-05-29 07:25:04 - API https://api.tradersfind.com/api/guest/products-subcategorie/plastic-bins took 0.13181400299072ss
2025-05-29 07:25:05 - API https://api.tradersfind.com/api/new-search-products?page=0&size=10 took 0.65996098518372s. 
2025-05-29 07:25:05 - API https://api.tradersfind.com/api/guest/products-categories-na/6450d35b1381f473d7f9d9a5 took 0.1168258190155ss
2025-05-29 07:25:05 - API https://api.tradersfind.com/api/industries-na/6450d5651381f473d7f9da5a took 0.11833310127258ss
2025-05-29 07:25:05 - API https://api.tradersfind.com/api/guest/products/colored-plastic-polymers/term-and-conditions took 0.12017798423767ss
2025-05-29 07:25:05 - API https://api.tradersfind.com/api/keywords-banner took 0.24362015724182s
2025-05-29 07:25:06 - API https://api.tradersfind.com/api/guest/products/by-seller-related/667a8b31f216863925f043d4 took 0.19758296012878ss
2025-05-29 07:25:06 - API https://api.tradersfind.com/api/guest/products/by-seller-related/667aa18af216863925f0448f took 0.20942616462708ss
2025-05-29 07:25:06 - API https://api.tradersfind.com/api/guest/products/by-seller-related/667aa6c9f216863925f044f3 took 0.19321703910828ss
2025-05-29 07:25:06 - API https://api.tradersfind.com/api/guest/products/by-seller-related/667aaeb4f216863925f04584 took 0.21591901779175ss
2025-05-29 07:25:06 - API https://api.tradersfind.com/api/guest/products/solid-plastic-polymers/term-and-conditions took 0.1206579208374ss
2025-05-29 07:25:07 - API https://api.tradersfind.com/api/guest/products/insulated-block/648c4aa79ccade490eb8ea22 took 0.120934009552ss
2025-05-29 07:25:07 - API https://api.tradersfind.com/api/keywords-banner took 0.23077583312988s
2025-05-29 07:25:07 - API https://api.tradersfind.com/api/guest/products/by-seller-related/648c4aa79ccade490eb8ea22 took 0.23038816452026ss
2025-05-29 07:25:08 - API https://api.tradersfind.com/api/guest/products-subcategorie/building-materials took 0.15743589401245ss
2025-05-29 07:25:08 - API https://api.tradersfind.com/api/guest/products/regrind-plastic-polymers/term-and-conditions took 0.13191604614258ss
2025-05-29 07:25:08 - API https://api.tradersfind.com/api/new-search-products?page=0&size=10 took 0.76819801330566s. 
2025-05-29 07:25:09 - API https://api.tradersfind.com/api/guest/products-categories-na/6450d35b1381f473d7f9da03 took 0.11949992179871ss
2025-05-29 07:25:09 - API https://api.tradersfind.com/api/industries-na/6450d5651381f473d7f9da65 took 0.12134313583374ss
2025-05-29 07:25:09 - API https://api.tradersfind.com/api/keywords-banner took 0.24014115333557s
2025-05-29 07:25:09 - API https://api.tradersfind.com/api/guest/products/by-seller-related/6479c9b39d126d0588ea2297 took 0.22048497200012ss
2025-05-29 07:25:09 - API https://api.tradersfind.com/api/guest/products/by-seller-related/667fb5a6f216863925f06f6b took 0.22240805625916ss
2025-05-29 07:25:10 - API https://api.tradersfind.com/api/guest/products/by-seller-related/648c14799ccade490eb8e80e took 0.19681596755981ss
2025-05-29 07:25:10 - API https://api.tradersfind.com/api/guest/products/by-seller-related/648c16a59ccade490eb8e832 took 0.21931910514832ss
2025-05-29 07:25:10 - API https://api.tradersfind.com/api/guest/products/medium-density-polyethylene/term-and-conditions took 0.11934399604797ss
2025-05-29 07:25:10 - API https://api.tradersfind.com/api/guest/products/by-seller-related/648c371c9ccade490eb8e968 took 0.20231699943542ss
2025-05-29 07:25:10 - API https://api.tradersfind.com/api/guest/products/by-seller-related/664b2e55a0bcdf22804d75b0 took 0.21799683570862ss
2025-05-29 07:25:10 - API https://api.tradersfind.com/api/guest/search-sellers-company-name/union-iron-and-steel-company took 0.20973896980286ss
2025-05-29 07:25:11 - API https://api.tradersfind.com/api/guest/products/by-seller-related/664b30f6a0bcdf22804d75dc took 0.21625208854675ss
2025-05-29 07:25:11 - API https://api.tradersfind.com/api/guest/products/by-seller/6459efdf7d461c572e3e9a75?isFeatured=1 took 0.20083904266357ss
2025-05-29 07:25:11 - API https://api.tradersfind.com/api/guest/products/by-seller-related/664b3741a0bcdf22804d762d took 0.20212006568909ss
2025-05-29 07:25:11 - API https://api.tradersfind.com/api/guest/products/by-seller-related/664b3a3da0bcdf22804d7664 took 0.19603204727173ss
2025-05-29 07:25:11 - API https://api.tradersfind.com/api/guest/products/by-seller-related/648c47489ccade490eb8ea06 took 0.19549083709717ss
2025-05-29 07:25:11 - API https://api.tradersfind.com/api/guest/products/high-impact-polystyrene-sheet/term-and-conditions took 0.12157893180847ss
2025-05-29 07:25:12 - API https://api.tradersfind.com/api/guest/products/aluminium-composite-panels/65bb624eb93f8753482668fa took 0.12256789207458ss
2025-05-29 07:25:12 - API https://api.tradersfind.com/api/guest/products-subcategorie/power-cable took 0.13250303268433ss
2025-05-29 07:25:12 - API https://api.tradersfind.com/api/guest/products/guardian-ag-540/64abe8119ccade490eb9663e took 0.13219881057739ss
2025-05-29 07:25:12 - API https://api.tradersfind.com/api/guest/products-categorie-name/packaging-films-foils?size=20&sort=categoryName,asc took 0.225182056427ss
2025-05-29 07:25:12 - API https://api.tradersfind.com/api/keywords-banner took 0.23688006401062s
2025-05-29 07:25:12 - API https://api.tradersfind.com/api/industries-na/6450d5651381f473d7f9da5a?size=10&sort=industryName took 0.12313199043274ss
2025-05-29 07:25:12 - API https://api.tradersfind.com/api/guest/products/high-density-polyethylene/term-and-conditions took 0.12162399291992ss
2025-05-29 07:25:12 - API https://api.tradersfind.com/api/keywords-banner took 0.23594808578491s
2025-05-29 07:25:13 - API https://api.tradersfind.com/api/guest/products/by-seller-related/65bb624eb93f8753482668fa took 0.22724986076355ss
2025-05-29 07:25:13 - API https://api.tradersfind.com/api/keywords-banner took 0.23416686058044s
2025-05-29 07:25:13 - API https://api.tradersfind.com/api/guest/products/by-seller-related/64abe8119ccade490eb9663e took 0.15628504753113ss
2025-05-29 07:25:13 - API https://api.tradersfind.com/api/new-search-products?page=0&size=10 took 0.71164202690125s. 
2025-05-29 07:25:13 - API https://api.tradersfind.com/api/guest/products-categories-na/6450d35b1381f473d7f9d83c took 0.12444496154785ss
2025-05-29 07:25:13 - API https://api.tradersfind.com/api/industries-na/6450d5651381f473d7f9da3e took 0.1169581413269ss
2025-05-29 07:25:13 - API https://api.tradersfind.com/api/keywords-banner took 0.23177886009216s
2025-05-29 07:25:14 - API https://api.tradersfind.com/api/guest/products/polymers-plastic-granules/term-and-conditions took 0.11794805526733ss
2025-05-29 07:25:14 - API https://api.tradersfind.com/api/guest/products/by-seller-related/658fc83bb18fdb667407c3a9 took 0.27520513534546ss
2025-05-29 07:25:14 - API https://api.tradersfind.com/api/guest/products/by-seller-related/658fcc56b18fdb667407c3d8 took 0.27391505241394ss
2025-05-29 07:25:14 - API https://api.tradersfind.com/api/guest/products/by-seller-related/655da3d25370fd4cc01dbdb0 took 0.20798397064209ss
2025-05-29 07:25:14 - API https://api.tradersfind.com/api/guest/products/by-seller-related/65803ea05370fd4cc01e27be took 0.19230318069458ss
2025-05-29 07:25:15 - API https://api.tradersfind.com/api/guest/products/by-seller-related/65812f145370fd4cc01e2967 took 0.20501708984375ss
2025-05-29 07:25:15 - API https://api.tradersfind.com/api/guest/products/industrial-polymers/term-and-conditions took 0.12023496627808ss
2025-05-29 07:25:15 - API https://api.tradersfind.com/api/guest/products/by-seller-related/658130c95370fd4cc01e2979 took 0.19230604171753ss
2025-05-29 07:25:15 - API https://api.tradersfind.com/api/guest/products/by-seller-related/6581344c5370fd4cc01e29b7 took 0.18980097770691ss
2025-05-29 07:25:15 - API https://api.tradersfind.com/api/guest/products/by-seller-related/65813b815370fd4cc01e2a47 took 0.1921660900116ss
2025-05-29 07:25:15 - API https://api.tradersfind.com/api/guest/products/by-seller-related/65813cce5370fd4cc01e2a59 took 0.19032502174377ss
2025-05-29 07:25:16 - API https://api.tradersfind.com/api/guest/products/by-seller-related/658141bf5370fd4cc01e2a83 took 0.19597482681274ss
2025-05-29 07:25:17 - API https://api.tradersfind.com/api/guest/products/recycled-plastic/term-and-conditions took 0.12440419197083ss
2025-05-29 07:25:19 - API https://api.tradersfind.com/api/guest/products-subcategorie/crane-rope took 0.12678599357605ss
2025-05-29 07:25:19 - API https://api.tradersfind.com/api/new-search-products?page=0&size=10 took 0.73060202598572s. 
2025-05-29 07:25:19 - API https://api.tradersfind.com/api/guest/products-categories-na/6450d35b1381f473d7f9d938 took 0.12469410896301ss
2025-05-29 07:25:20 - API https://api.tradersfind.com/api/industries-na/6450d5651381f473d7f9da51 took 0.11742496490479ss
2025-05-29 07:25:20 - API https://api.tradersfind.com/api/keywords-banner took 0.23175597190857s
2025-05-29 07:25:20 - API https://api.tradersfind.com/api/guest/products/by-seller-related/655ca9325370fd4cc01dbbf2 took 0.20105981826782ss
2025-05-29 07:25:20 - API https://api.tradersfind.com/api/guest/products/by-seller-related/655dd9215370fd4cc01dbf46 took 0.19491600990295ss
2025-05-29 07:25:20 - API https://api.tradersfind.com/api/guest/products/by-seller-related/655ddcdf5370fd4cc01dbf61 took 0.1931140422821ss
2025-05-29 07:25:27 - API https://api.tradersfind.com/api/guest/products/pvc-polymers/term-and-conditions took 0.12298989295959ss
2025-05-29 07:25:27 - API https://api.tradersfind.com/api/guest/products-subcategorie/steel-plates took 0.12756705284119ss
2025-05-29 07:25:28 - API https://api.tradersfind.com/api/new-search-products?page=0&size=10 took 0.70918488502502s. 
2025-05-29 07:25:28 - API https://api.tradersfind.com/api/guest/products-categories-na/6450d35b1381f473d7f9da28 took 0.11854910850525ss
2025-05-29 07:25:28 - API https://api.tradersfind.com/api/industries-na/6450d5651381f473d7f9da65 took 0.11547994613647ss
2025-05-29 07:25:28 - API https://api.tradersfind.com/api/guest/products/hybrid-tower-lights/65643eef5370fd4cc01dcce6 took 0.14708685874939ss
2025-05-29 07:25:29 - API https://api.tradersfind.com/api/keywords-banner took 0.23861885070801s
2025-05-29 07:25:29 - API https://api.tradersfind.com/api/guest/search-sellers-company-name/european-sports-club took 0.2111029624939ss
2025-05-29 07:25:29 - API https://api.tradersfind.com/api/keywords-banner took 0.23819708824158s
2025-05-29 07:25:29 - API https://api.tradersfind.com/api/guest/products/by-seller/671b8115bab0c13b100d504b?isFeatured=1 took 0.18275117874146ss
2025-05-29 07:25:29 - API https://api.tradersfind.com/api/guest/products/polydist/term-and-conditions took 0.11935496330261ss
2025-05-29 07:25:29 - API https://api.tradersfind.com/api/guest/products/by-seller-related/65643eef5370fd4cc01dcce6 took 0.20447611808777ss
2025-05-29 07:25:29 - API https://api.tradersfind.com/api/guest/products/by-seller-related/66701dd6f216863925efcf35 took 0.27914714813232ss
2025-05-29 07:25:29 - API https://api.tradersfind.com/api/guest/products/by-seller-related/65c4b299ad33b26fb86db6fe took 0.26238107681274ss
2025-05-29 07:25:29 - API https://api.tradersfind.com/api/guest/products/by-seller-related/655f48f65370fd4cc01dc4cf took 0.15810990333557ss
2025-05-29 07:25:29 - API https://api.tradersfind.com/api/guest/products/pvc-chamfer/664b3a3da0bcdf22804d7664 took 0.12138104438782ss
2025-05-29 07:25:29 - API https://api.tradersfind.com/api/guest/products/by-seller-related/6560488c5370fd4cc01dc64f took 0.19351196289062ss
2025-05-29 07:25:30 - API https://api.tradersfind.com/api/keywords-banner took 0.23292899131775s
2025-05-29 07:25:30 - API https://api.tradersfind.com/api/guest/products/by-seller-related/65604cfc5370fd4cc01dc695 took 0.20175504684448ss
2025-05-29 07:25:30 - API https://api.tradersfind.com/api/guest/products/by-seller-related/664b3a3da0bcdf22804d7664 took 0.19345712661743ss
2025-05-29 07:25:30 - API https://api.tradersfind.com/api/guest/products/by-seller-related/655f40385370fd4cc01dc476 took 0.19784808158875ss
2025-05-29 07:25:30 - API https://api.tradersfind.com/api/guest/products/by-seller-related/655f44695370fd4cc01dc4a7 took 0.1927661895752ss
2025-05-29 07:25:30 - API https://api.tradersfind.com/api/guest/products/by-seller-related/656038d45370fd4cc01dc591 took 0.12259697914124ss
2025-05-29 07:25:30 - API https://api.tradersfind.com/api/guest/products/by-seller-related/65603f6d5370fd4cc01dc5d9 took 0.19825100898743ss
2025-05-29 07:25:31 - API https://api.tradersfind.com/api/guest/products/by-seller-related/656040845370fd4cc01dc5ef took 0.20367908477783ss
2025-05-29 07:25:31 - API https://api.tradersfind.com/api/guest/products-subcategorie/plastic-polymers took 0.14301919937134ss
2025-05-29 07:25:32 - API https://api.tradersfind.com/api/new-search-products?page=0&size=10 took 0.62728190422058s. 
2025-05-29 07:25:32 - API https://api.tradersfind.com/api/guest/products-categories-na/6450d35b1381f473d7f9d7eb took 0.11960482597351ss
2025-05-29 07:25:32 - API https://api.tradersfind.com/api/industries-na/6450d5651381f473d7f9da37 took 0.11861515045166ss
2025-05-29 07:25:32 - API https://api.tradersfind.com/api/keywords-banner took 0.22682213783264s
2025-05-29 07:25:32 - API https://api.tradersfind.com/api/guest/search-sellers-company-name/madar-building-materials took 0.23731994628906ss
2025-05-29 07:25:33 - API https://api.tradersfind.com/api/guest/products-subcategorie/plastic-polymers took 0.1269998550415ss
2025-05-29 07:25:33 - API https://api.tradersfind.com/api/guest/search-sellers-company-name/hira-computer-solutions took 0.28223085403442ss
2025-05-29 07:25:33 - API https://api.tradersfind.com/api/guest/products/air-impact-screwdriver/64df6360d7d75f2c943c8343 took 0.12230205535889ss
2025-05-29 07:25:33 - API https://api.tradersfind.com/api/guest/products/by-seller/648ef62e9ccade490eb8eeda?isFeatured=1 took 0.26355600357056ss
2025-05-29 07:25:33 - API https://api.tradersfind.com/api/keywords-banner took 0.24328207969666s
2025-05-29 07:25:33 - API https://api.tradersfind.com/api/guest/products/by-seller-related/64df6360d7d75f2c943c8343 took 0.19845795631409ss
2025-05-29 07:25:33 - API https://api.tradersfind.com/api/guest/products/by-seller/647afc299d126d0588ea5add?isFeatured=1 took 0.57392692565918ss
2025-05-29 07:25:33 - API https://api.tradersfind.com/api/new-search-products?page=0&size=10 took 0.64171695709229s. 
2025-05-29 07:25:33 - API https://api.tradersfind.com/api/guest/products-categories-na/6450d35b1381f473d7f9d7eb took 0.12005209922791ss
2025-05-29 07:25:33 - API https://api.tradersfind.com/api/industries-na/6450d5651381f473d7f9da37 took 0.12257194519043ss
2025-05-29 07:25:34 - API https://api.tradersfind.com/api/keywords-banner took 0.2352888584137s
2025-05-29 07:25:34 - API https://api.tradersfind.com/api/guest/products-subcategorie/dso-approved-auditors took 0.12802410125732ss
2025-05-29 07:25:35 - API https://api.tradersfind.com/api/guest/products-subcategorie/plastic-polymers took 0.13313698768616ss
2025-05-29 07:25:35 - API https://api.tradersfind.com/api/new-search-products?page=0&size=10 took 0.70267510414124s. 
2025-05-29 07:25:35 - API https://api.tradersfind.com/api/guest/products-categories-na/6450d35b1381f473d7f9d874 took 0.11515212059021ss
2025-05-29 07:25:35 - API https://api.tradersfind.com/api/industries-na/6450d5651381f473d7f9da43 took 0.11598801612854ss
2025-05-29 07:25:35 - API https://api.tradersfind.com/api/keywords-banner took 0.23117899894714s
2025-05-29 07:25:35 - API https://api.tradersfind.com/api/new-search-products?page=0&size=10 took 0.69481706619263s. 
2025-05-29 07:25:35 - API https://api.tradersfind.com/api/guest/products-categories-na/6450d35b1381f473d7f9d7eb took 0.11790585517883ss
2025-05-29 07:25:35 - API https://api.tradersfind.com/api/guest/products/by-seller-related/655db76f5370fd4cc01dbe60 took 0.20317101478577ss
2025-05-29 07:25:36 - API https://api.tradersfind.com/api/industries-na/6450d5651381f473d7f9da37 took 0.11683416366577ss
2025-05-29 07:25:36 - API https://api.tradersfind.com/api/guest/products/by-seller-related/6644b39ac0840d033dd2d873 took 0.19957804679871ss
2025-05-29 07:25:36 - API https://api.tradersfind.com/api/keywords-banner took 0.23258090019226s
2025-05-29 07:25:36 - API https://api.tradersfind.com/api/guest/products/by-seller-related/6645d28fc0840d033dd2db09 took 0.19370293617249ss
2025-05-29 07:25:36 - API https://api.tradersfind.com/api/guest/products/by-seller-related/64901b159ccade490eb8f20e took 0.19245219230652ss
2025-05-29 07:25:37 - API https://api.tradersfind.com/api/guest/products-subcategorie/plastic-polymers took 0.13001704216003ss
2025-05-29 07:25:37 - API https://api.tradersfind.com/api/guest/search-sellers-company-name/qmh-general-trading-llc took 0.21807813644409ss
2025-05-29 07:25:37 - API https://api.tradersfind.com/api/guest/products/by-seller/6454af457d461c572e3e17f0?isFeatured=1 took 0.19704699516296ss
2025-05-29 07:25:37 - API https://api.tradersfind.com/api/new-search-products?page=0&size=10 took 0.6795380115509s. 
2025-05-29 07:25:37 - API https://api.tradersfind.com/api/featured-industry took 0.11866307258606ss
2025-05-29 07:25:37 - API https://api.tradersfind.com/api/guest/products-categories-na/6450d35b1381f473d7f9d7eb took 0.11699914932251ss
2025-05-29 07:25:37 - API https://api.tradersfind.com/api/guest/banners-by-header took 0.11917686462402ss
2025-05-29 07:25:38 - API https://api.tradersfind.com/api/industries-na/6450d5651381f473d7f9da37 took 0.11667084693909ss
2025-05-29 07:25:38 - API https://api.tradersfind.com/api/guest/homeblogs?page=0&size=5 took 0.1185188293457ss
2025-05-29 07:25:38 - API https://api.tradersfind.com/api/keywords-banner took 0.23051786422729s
2025-05-29 07:25:38 - API https://api.tradersfind.com/api/guest/products/by-seller-related/649020f19ccade490eb8f293 took 0.19272303581238ss
2025-05-29 07:25:38 - API https://api.tradersfind.com/api/guest/products/by-seller-related/648da1a29ccade490eb8ed09 took 0.19511318206787ss
2025-05-29 07:25:38 - API https://api.tradersfind.com/api/guest/products/by-seller-related/648da7f79ccade490eb8ed35 took 0.26033091545105ss
2025-05-29 07:25:39 - API https://api.tradersfind.com/api/guest/products/by-seller-related/648da9e09ccade490eb8ed54 took 0.20145702362061ss
2025-05-29 07:25:39 - API https://api.tradersfind.com/api/guest/search-sellers-company-name/mega-mall-sharjah took 0.21829199790955ss
2025-05-29 07:25:39 - API https://api.tradersfind.com/api/guest/products/by-seller-related/64901ff89ccade490eb8f27e took 0.22003698348999ss
2025-05-29 07:25:39 - API https://api.tradersfind.com/api/guest/products/by-seller/651d43e185d0ac2f98e2b8fa?isFeatured=1 took 0.19904088973999ss
2025-05-29 07:25:39 - API https://api.tradersfind.com/api/guest/products/by-seller-related/649026a79ccade490eb8f2fc took 0.20264387130737ss
2025-05-29 07:25:40 - API https://api.tradersfind.com/api/keywords-banner took 0.22817897796631s
2025-05-29 07:25:41 - API https://api.tradersfind.com/api/guest/products-categorie-name/plastic-pvc-pp-products?size=20&sort=categoryName,asc took 0.14572095870972ss
2025-05-29 07:25:41 - API https://api.tradersfind.com/api/industries-na/6450d5651381f473d7f9da51?size=10&sort=industryName took 0.11646604537964ss
2025-05-29 07:25:41 - API https://api.tradersfind.com/api/keywords-banner took 0.23487186431885s
2025-05-29 07:25:41 - API https://api.tradersfind.com/api/guest/search-sellers-company-name/shaw-emirates-pipes-manufacturing-llc took 0.22605109214783ss
2025-05-29 07:25:42 - API https://api.tradersfind.com/api/guest/products/by-seller/6459db057d461c572e3e6503?isFeatured=1 took 0.15821504592896ss
2025-05-29 07:25:42 - API https://api.tradersfind.com/api/guest/filter-blogs?page=0&size=10&createdDate=desc took 1.169095993042ss
2025-05-29 07:25:43 - API https://api.tradersfind.com/api/guest/products-subcategorie/dso-approved-auditors took 0.12632608413696ss
2025-05-29 07:25:44 - API https://api.tradersfind.com/api/new-search-products?page=0&size=10 took 0.74184107780457s. 
2025-05-29 07:25:44 - API https://api.tradersfind.com/api/guest/products-categories-na/6450d35b1381f473d7f9d874 took 0.13781404495239ss
2025-05-29 07:25:44 - API https://api.tradersfind.com/api/industries-na/6450d5651381f473d7f9da43 took 0.12537789344788ss
2025-05-29 07:25:44 - API https://api.tradersfind.com/api/keywords-banner took 0.20410299301147s
2025-05-29 07:25:44 - API https://api.tradersfind.com/api/guest/products/by-seller-related/655db76f5370fd4cc01dbe60 took 0.22414588928223ss
2025-05-29 07:25:44 - API https://api.tradersfind.com/api/guest/products/hybrid-lighting-tower/658aab185370fd4cc01e45b7 took 0.11961603164673ss
2025-05-29 07:25:45 - API https://api.tradersfind.com/api/guest/products/by-seller-related/6644b39ac0840d033dd2d873 took 0.19964289665222ss
2025-05-29 07:25:45 - API https://api.tradersfind.com/api/keywords-banner took 0.20417904853821s
2025-05-29 07:25:45 - API https://api.tradersfind.com/api/guest/products/by-seller-related/6645d28fc0840d033dd2db09 took 0.19429492950439ss
2025-05-29 07:25:45 - API https://api.tradersfind.com/api/guest/products/by-seller-related/658aab185370fd4cc01e45b7 took 0.19463896751404ss
2025-05-29 07:25:45 - API https://api.tradersfind.com/api/guest/blog-categories took 3.7424800395966ss
2025-05-29 07:25:47 - API https://api.tradersfind.com/api/guest/products-subcategorie/cleaning-services took 0.17632579803467ss
2025-05-29 07:25:47 - API https://api.tradersfind.com/api/new-search-products?page=0&size=10 took 0.73299193382263s. 
2025-05-29 07:25:47 - API https://api.tradersfind.com/api/guest/products-categories-na/6450d35b1381f473d7f9d8ea took 0.11886501312256ss
2025-05-29 07:25:47 - API https://api.tradersfind.com/api/industries-na/6450d5651381f473d7f9da4d took 0.11821007728577ss
2025-05-29 07:25:48 - API https://api.tradersfind.com/api/keywords-banner took 0.21513199806213s
2025-05-29 07:25:48 - API https://api.tradersfind.com/api/guest/products/by-seller-related/67ac9f4c0ed66b3d1f264e8c took 0.29786801338196ss
2025-05-29 07:25:48 - API https://api.tradersfind.com/api/guest/search-sellers-company-name/total-eng-turning-llc took 0.21687507629395ss
2025-05-29 07:25:48 - API https://api.tradersfind.com/api/guest/products/by-seller/647afbde9d126d0588ea5a0d?isFeatured=1 took 0.15583300590515ss
2025-05-29 07:25:48 - API https://api.tradersfind.com/api/guest/products/by-seller-related/67aca5870ed66b3d1f264fce took 0.26903605461121ss
2025-05-29 07:25:49 - API https://api.tradersfind.com/api/guest/products-subcategorie/pressure-gauges took 0.13844799995422ss
2025-05-29 07:25:49 - API https://api.tradersfind.com/api/guest/products/by-seller-related/67aca7ac0ed66b3d1f265046 took 0.27825403213501ss
2025-05-29 07:25:49 - API https://api.tradersfind.com/api/guest/products-subcategorie/pressure-gauges took 0.13602304458618ss
2025-05-29 07:25:49 - API https://api.tradersfind.com/api/guest/products/metal-fabrication/655c610b5370fd4cc01db8c0 took 0.12107992172241ss
2025-05-29 07:25:49 - API https://api.tradersfind.com/api/guest/products/by-seller-related/65253fc06c6e8f7c8fd345c0 took 0.21387219429016ss
2025-05-29 07:25:49 - API https://api.tradersfind.com/api/keywords-banner took 0.2128279209137s
2025-05-29 07:25:49 - API https://api.tradersfind.com/api/guest/products/by-seller-related/6476f81a9d126d0588ea1cae took 0.20116710662842ss
2025-05-29 07:25:49 - API https://api.tradersfind.com/api/guest/products/by-seller-related/655c610b5370fd4cc01db8c0 took 0.18982005119324ss
2025-05-29 07:25:49 - API https://api.tradersfind.com/api/guest/products/by-seller-related/647707e79d126d0588ea1ccd took 0.20251297950745ss
2025-05-29 07:25:49 - API https://api.tradersfind.com/api/new-search-products?page=0&size=10 took 0.6954300403595s. 
2025-05-29 07:25:49 - API https://api.tradersfind.com/api/new-search-products?page=0&size=10 took 0.70036602020264s. 
2025-05-29 07:25:49 - API https://api.tradersfind.com/api/guest/blogs-by-title?blogTitle=enhancing+plastic+durability%3A+the+role+of+additives+in+prolonging+product+lifespan took 0.27264499664307ss
2025-05-29 07:25:49 - API https://api.tradersfind.com/api/guest/products-categories-na/6450d35b1381f473d7f9d96d took 0.11585378646851ss
2025-05-29 07:25:49 - API https://api.tradersfind.com/api/guest/products-categories-na/6450d35b1381f473d7f9d96d took 0.11654806137085ss
2025-05-29 07:25:49 - API https://api.tradersfind.com/api/guest/products/by-seller-related/64771d219d126d0588ea1d51 took 0.20182800292969ss
2025-05-29 07:25:50 - API https://api.tradersfind.com/api/industries-na/6450d5651381f473d7f9da54 took 0.11625099182129ss
2025-05-29 07:25:50 - API https://api.tradersfind.com/api/industries-na/6450d5651381f473d7f9da54 took 0.11699485778809ss
2025-05-29 07:25:50 - API https://api.tradersfind.com/api/guest/products/by-seller-related/64772c2a9d126d0588ea1d94 took 0.20051312446594ss
2025-05-29 07:25:50 - API https://api.tradersfind.com/api/guest/blogs?size=5&sort=createdDate%2Cdesc took 0.35079884529114ss
2025-05-29 07:25:50 - API https://api.tradersfind.com/api/keywords-banner took 0.21912884712219s
2025-05-29 07:25:50 - API https://api.tradersfind.com/api/keywords-banner took 0.20664882659912s
2025-05-29 07:25:50 - API https://api.tradersfind.com/api/guest/products/by-seller-related/647738bc9d126d0588ea1dd7 took 0.1995689868927ss
2025-05-29 07:25:50 - API https://api.tradersfind.com/api/guest/products/by-seller-related/65436c9c5370fd4cc01d71d3 took 0.19766998291016ss
2025-05-29 07:25:50 - API https://api.tradersfind.com/api/guest/products/by-seller-related/6541ecfb5370fd4cc01d6bb0 took 0.19515109062195ss
2025-05-29 07:25:50 - API https://api.tradersfind.com/api/guest/products/by-seller-related/64783e499d126d0588ea1e86 took 0.20522117614746ss
2025-05-29 07:25:50 - API https://api.tradersfind.com/api/guest/products/by-seller-related/65436a9e5370fd4cc01d71b9 took 0.20019793510437ss
2025-05-29 07:25:50 - API https://api.tradersfind.com/api/guest/products/by-seller-related/65436c9c5370fd4cc01d71d3 took 0.19754600524902ss
2025-05-29 07:25:50 - API https://api.tradersfind.com/api/guest/products/by-seller-related/654379e15370fd4cc01d720e took 0.19608592987061ss
2025-05-29 07:25:50 - API https://api.tradersfind.com/api/guest/products/by-seller-related/65aa24624f0ca7130c2564a6 took 0.19750595092773ss
2025-05-29 07:25:51 - API https://api.tradersfind.com/api/guest/products/by-seller-related/6543659a5370fd4cc01d7188 took 0.19489002227783ss
2025-05-29 07:25:51 - API https://api.tradersfind.com/api/guest/products/by-seller-related/65aa2b594f0ca7130c2564f2 took 0.1982421875ss
2025-05-29 07:25:51 - API https://api.tradersfind.com/api/guest/products/by-seller-related/65437d255370fd4cc01d7231 took 0.19548201560974ss
2025-05-29 07:25:51 - API https://api.tradersfind.com/api/guest/products/by-seller-related/654363d05370fd4cc01d717e took 0.19103288650513ss
2025-05-29 07:25:51 - API https://api.tradersfind.com/api/guest/products/by-seller-related/65436a9e5370fd4cc01d71b9 took 0.18798398971558ss
2025-05-29 07:25:51 - API https://api.tradersfind.com/api/guest/products/by-seller-related/654379e15370fd4cc01d720e took 0.20535397529602ss
2025-05-29 07:25:51 - API https://api.tradersfind.com/api/guest/products/by-seller-related/654398915370fd4cc01d7313 took 0.51729798316956ss
2025-05-29 07:25:51 - API https://api.tradersfind.com/api/guest/products/by-seller-related/6543659a5370fd4cc01d7188 took 0.19010090827942ss
2025-05-29 07:25:52 - API https://api.tradersfind.com/api/guest/products/by-seller-related/65437d255370fd4cc01d7231 took 0.18965983390808ss
2025-05-29 07:25:52 - API https://api.tradersfind.com/api/guest/products/by-seller-related/6543833c5370fd4cc01d726d took 0.19059205055237ss
2025-05-29 07:25:54 - API https://api.tradersfind.com/api/guest/search-sellers-company-name/complete-kitchen-solutions-fze took 0.20980501174927ss
2025-05-29 07:25:55 - API https://api.tradersfind.com/api/guest/products/by-seller/6459ebcb7d461c572e3e96ca?isFeatured=1 took 1.283331155777ss
2025-05-29 07:25:56 - API https://api.tradersfind.com/api/guest/search-sellers-company-name/response-auction took 0.23807597160339ss
2025-05-29 07:25:56 - API https://api.tradersfind.com/api/guest/products/by-seller/6458ef487d461c572e3e50dd?isFeatured=1 took 0.16813206672668ss
2025-05-29 07:25:57 - API https://api.tradersfind.com/api/guest/products-subcategorie/plastic-polymers took 0.15558314323425ss
2025-05-29 07:25:57 - API https://api.tradersfind.com/api/new-search-products?page=0&size=10 took 0.67651796340942s. 
2025-05-29 07:25:58 - API https://api.tradersfind.com/api/guest/products-categories-na/6450d35b1381f473d7f9d7eb took 0.12419581413269ss
2025-05-29 07:25:58 - API https://api.tradersfind.com/api/industries-na/6450d5651381f473d7f9da37 took 0.1175000667572ss
2025-05-29 07:25:58 - API https://api.tradersfind.com/api/keywords-banner took 0.20959305763245s
2025-05-29 07:25:58 - API https://api.tradersfind.com/api/guest/products/by-seller-related/64900ef49ccade490eb8f175 took 0.22668194770813ss
2025-05-29 07:26:00 - API https://api.tradersfind.com/api/guest/products-subcategorie/plastic-polymers took 0.12653684616089ss
2025-05-29 07:26:00 - API https://api.tradersfind.com/api/new-search-products?page=0&size=10 took 0.72827100753784s. 
2025-05-29 07:26:00 - API https://api.tradersfind.com/api/guest/products-categories-na/6450d35b1381f473d7f9d7eb took 0.11685419082642ss
2025-05-29 07:26:00 - API https://api.tradersfind.com/api/industries-na/6450d5651381f473d7f9da37 took 0.11793303489685ss
2025-05-29 07:26:00 - API https://api.tradersfind.com/api/guest/products/ready-mix-concrete/648eff669ccade490eb8ef1b took 0.12214493751526ss
2025-05-29 07:26:01 - API https://api.tradersfind.com/api/keywords-banner took 0.2215781211853s
2025-05-29 07:26:01 - API https://api.tradersfind.com/api/keywords-banner took 0.22777891159058s
2025-05-29 07:26:01 - API https://api.tradersfind.com/api/guest/products/by-seller-related/6490289f9ccade490eb8f31a took 0.20965600013733ss
2025-05-29 07:26:01 - API https://api.tradersfind.com/api/guest/products/by-seller-related/648eff669ccade490eb8ef1b took 0.21398091316223ss
2025-05-29 07:26:01 - API https://api.tradersfind.com/api/guest/products/by-seller-related/649041779ccade490eb8f541 took 0.20712685585022ss
2025-05-29 07:26:01 - API https://api.tradersfind.com/api/guest/products/by-seller-related/6528efd4447ad9402e2eff3e took 0.25433301925659ss
2025-05-29 07:26:02 - API https://api.tradersfind.com/api/guest/products-subcategorie/polystyrene took 0.12993788719177ss
2025-05-29 07:26:03 - API https://api.tradersfind.com/api/new-search-products?page=0&size=10 took 0.69518208503723s. 
2025-05-29 07:26:03 - API https://api.tradersfind.com/api/guest/products-categories-na/6450d35b1381f473d7f9d7eb took 0.11733603477478ss
2025-05-29 07:26:03 - API https://api.tradersfind.com/api/industries-na/6450d5651381f473d7f9da37 took 0.11803221702576ss
2025-05-29 07:26:04 - API https://api.tradersfind.com/api/keywords-banner took 0.2110230922699s
2025-05-29 07:26:04 - API https://api.tradersfind.com/api/guest/products/by-seller-related/648ff60c9ccade490eb8f010 took 0.19201993942261ss
2025-05-29 07:26:04 - API https://api.tradersfind.com/api/guest/products/by-seller-related/648ff7bb9ccade490eb8f01e took 0.19936299324036ss
2025-05-29 07:26:04 - API https://api.tradersfind.com/api/guest/products/by-seller-related/64903de69ccade490eb8f4e1 took 0.19025301933289ss
2025-05-29 07:26:04 - API https://api.tradersfind.com/api/guest/products/by-seller-related/649041ae9ccade490eb8f545 took 0.21275305747986ss
2025-05-29 07:26:05 - API https://api.tradersfind.com/api/guest/products/by-seller-related/649048309ccade490eb8f5d8 took 0.20842790603638ss
2025-05-29 07:26:05 - API https://api.tradersfind.com/api/guest/products/by-seller-related/6491418b9ccade490eb8f7ab took 0.12259387969971ss
2025-05-29 07:26:05 - API https://api.tradersfind.com/api/guest/products/by-seller-related/648ffb419ccade490eb8f044 took 0.19295001029968ss
2025-05-29 07:26:05 - API https://api.tradersfind.com/api/guest/products/by-seller-related/649009f59ccade490eb8f106 took 0.23188018798828ss
2025-05-29 07:26:06 - API https://api.tradersfind.com/api/guest/products/by-seller-related/649135429ccade490eb8f67e took 0.19776797294617ss
2025-05-29 07:26:06 - API https://api.tradersfind.com/api/guest/products/by-seller-related/64b625ba9ccade490eb9a46c took 0.20463991165161ss
2025-05-29 07:26:06 - API https://api.tradersfind.com/api/guest/products/broad-file-box/65531f335370fd4cc01d96f8 took 0.12173104286194ss
2025-05-29 07:26:06 - API https://api.tradersfind.com/api/guest/search-sellers-company-name/sahara-printing-press took 0.23601603507996ss
2025-05-29 07:26:06 - API https://api.tradersfind.com/api/keywords-banner took 0.20651698112488s
2025-05-29 07:26:06 - API https://api.tradersfind.com/api/guest/products/by-seller/6458e52f7d461c572e3e470c?isFeatured=1 took 0.30821895599365ss
2025-05-29 07:26:06 - API https://api.tradersfind.com/api/guest/products/by-seller-related/65531f335370fd4cc01d96f8 took 0.20711708068848ss
2025-05-29 07:26:10 - API https://api.tradersfind.com/api/guest/products/manual-scooters/6499647c9ccade490eb912a4 took 0.12785196304321ss
2025-05-29 07:26:10 - API https://api.tradersfind.com/api/keywords-banner took 0.21022582054138s
2025-05-29 07:26:10 - API https://api.tradersfind.com/api/guest/products/by-seller-related/6499647c9ccade490eb912a4 took 0.19418001174927ss
2025-05-29 07:26:16 - API https://api.tradersfind.com/api/guest/products-subcategorie/plastic-polymers took 0.13198208808899ss
2025-05-29 07:26:16 - API https://api.tradersfind.com/api/new-search-products?page=0&size=10 took 0.62151098251343s. 
2025-05-29 07:26:17 - API https://api.tradersfind.com/api/guest/products-categories-na/6450d35b1381f473d7f9d7eb took 0.11885094642639ss
2025-05-29 07:26:17 - API https://api.tradersfind.com/api/industries-na/6450d5651381f473d7f9da37 took 0.12072515487671ss
2025-05-29 07:26:17 - API https://api.tradersfind.com/api/guest/products/auxiliary-car-batteries/674050e0bab0c13b1011ebac took 0.12305307388306ss
2025-05-29 07:26:17 - API https://api.tradersfind.com/api/keywords-banner took 0.2116711139679s
2025-05-29 07:26:17 - API https://api.tradersfind.com/api/keywords-banner took 0.23411703109741s
2025-05-29 07:26:17 - API https://api.tradersfind.com/api/guest/products/by-seller-related/674050e0bab0c13b1011ebac took 0.20168900489807ss
2025-05-29 07:26:20 - API https://api.tradersfind.com/api/guest/products-subcategorie/plastic-containers took 0.13006591796875ss
2025-05-29 07:26:21 - API https://api.tradersfind.com/api/new-search-products?page=0&size=10 took 0.62318801879883s. 
2025-05-29 07:26:21 - API https://api.tradersfind.com/api/guest/products-categories-na/6450d35b1381f473d7f9d9b3 took 0.1179940700531ss
2025-05-29 07:26:21 - API https://api.tradersfind.com/api/industries-na/6450d5651381f473d7f9da5a took 0.11694502830505ss
2025-05-29 07:26:21 - API https://api.tradersfind.com/api/keywords-banner took 0.22804093360901s
2025-05-29 07:26:21 - API https://api.tradersfind.com/api/guest/products/by-seller-related/6492b7d19ccade490eb90039 took 0.19170808792114ss
2025-05-29 07:26:24 - API https://api.tradersfind.com/api/guest/products/custom-awards/662601d99714fa2134ee7256 took 0.13139915466309ss
2025-05-29 07:26:24 - API https://api.tradersfind.com/api/keywords-banner took 0.20789313316345s
2025-05-29 07:26:24 - API https://api.tradersfind.com/api/guest/products/by-seller-related/662601d99714fa2134ee7256 took 0.19698786735535ss
2025-05-29 07:26:26 - API https://api.tradersfind.com/api/guest/products-subcategorie/cnc-machines took 0.12958788871765ss
2025-05-29 07:26:27 - API https://api.tradersfind.com/api/new-search-products?page=0&size=10 took 0.67984104156494s. 
2025-05-29 07:26:27 - API https://api.tradersfind.com/api/guest/products-categories-na/6450d35b1381f473d7f9d910 took 0.12184715270996ss
2025-05-29 07:26:27 - API https://api.tradersfind.com/api/industries-na/6450d5651381f473d7f9da50 took 0.11963510513306ss
2025-05-29 07:26:28 - API https://api.tradersfind.com/api/keywords-banner took 0.21920704841614s
2025-11-05 08:15:53 - API http://localhost:8080/api/keywords-banner took 0.79936981201172s
2025-11-05 08:16:19 - API http://localhost:8080/api/industries-by-name/house-keeping-services?size=6&page=0&sort=industryName,asc took 2.0036420822144ss
2025-11-05 08:16:19 - API http://localhost:8080/api/keywords-banner took 0.55480098724365s
2025-11-05 08:16:23 - API http://localhost:8080/api/featured-industry took 0.06569504737854ss
2025-11-05 08:16:23 - API http://localhost:8080/api/guest/banners-by-header took 0.26480507850647ss
2025-11-05 08:16:23 - API http://localhost:8080/api/guest/homeblogs?page=0&size=5 took 0.20376396179199ss
2025-11-05 08:16:31 - API http://localhost:8080/api/industries-by-name/house-keeping-services?size=6&page=0&sort=industryName,asc took 2.0840840339661ss
2025-11-05 08:16:32 - API http://localhost:8080/api/keywords-banner took 1.1062488555908s
2025-11-05 08:16:44 - API http://localhost:8080/api/guest/products-subcategorie/cleaning-services took 0.41301202774048ss
2025-11-05 08:16:45 - API http://localhost:8080/api/new-search-products?page=0&size=10 took 0.65652990341187s. 
2025-11-05 08:25:45 - API http://localhost:8080/api/guest/products-subcategorie/cleaning-services took 0.5402569770813ss
2025-11-05 08:25:45 - API http://localhost:8080/api/new-search-products?page=0&size=10 took 0.19721007347107s. 
2025-11-05 08:25:50 - API http://localhost:8080/api/guest/products-subcategorie/cleaning-services took 0.30119204521179ss
2025-11-05 08:25:50 - API http://localhost:8080/api/new-search-products?page=0&size=10 took 0.067147970199585s. 
2025-11-05 08:25:55 - API http://localhost:8080/api/guest/products-subcategorie/cleaning-services took 0.22788190841675ss
2025-11-05 08:25:55 - API http://localhost:8080/api/new-search-products?page=0&size=10 took 0.061326026916504s. 
2025-11-05 08:26:00 - API http://localhost:8080/api/featured-industry took 0.10135293006897ss
2025-11-05 08:26:00 - API http://localhost:8080/api/guest/banners-by-header took 0.34367704391479ss
2025-11-05 08:26:00 - API http://localhost:8080/api/guest/homeblogs?page=0&size=5 took 0.28798794746399ss
2025-11-05 08:26:02 - API http://localhost:8080/api/featured-industry took 0.061775922775269ss
2025-11-05 08:26:02 - API http://localhost:8080/api/guest/banners-by-header took 0.62781691551208ss
2025-11-05 08:26:02 - API http://localhost:8080/api/guest/homeblogs?page=0&size=5 took 0.27173495292664ss
2025-11-05 08:26:07 - API http://localhost:8080/api/guest/blogs-by-title?blogTitle=best+places+to+visit+in+dubai took 0.50894093513489ss
2025-11-05 08:26:14 - API http://localhost:8080/api/guest/blogs?size=5&sort=createdDate%2Cdesc took 6.7193741798401ss
2025-11-05 08:27:05 - API http://localhost:8080/api/guest/products-subcategorie/cleaning-machinery took 0.16900300979614ss
2025-11-05 08:27:05 - API http://localhost:8080/api/new-search-products?page=0&size=10 took 0.066312789916992s. 
